Archive member included to satisfy reference by file (symbol)

c:/st/stm32cubeide_1.3.0/stm32cubeide/plugins/com.st.stm32cube.ide.mcu.externaltools.gnu-tools-for-stm32.7-2018-q2-update.win32_1.0.0.201904181610/tools/bin/../lib/gcc/arm-none-eabi/7.3.1/../../../../arm-none-eabi/lib/thumb/v7e-m/fpv4-sp/hard\libc_nano.a(lib_a-errno.o)
                              Core/Src/syscalls.o (__errno)
c:/st/stm32cubeide_1.3.0/stm32cubeide/plugins/com.st.stm32cube.ide.mcu.externaltools.gnu-tools-for-stm32.7-2018-q2-update.win32_1.0.0.201904181610/tools/bin/../lib/gcc/arm-none-eabi/7.3.1/../../../../arm-none-eabi/lib/thumb/v7e-m/fpv4-sp/hard\libc_nano.a(lib_a-exit.o)
                              c:/st/stm32cubeide_1.3.0/stm32cubeide/plugins/com.st.stm32cube.ide.mcu.externaltools.gnu-tools-for-stm32.7-2018-q2-update.win32_1.0.0.201904181610/tools/bin/../lib/gcc/arm-none-eabi/7.3.1/../../../../arm-none-eabi/lib/thumb/v7e-m/fpv4-sp/hard/crt0.o (exit)
c:/st/stm32cubeide_1.3.0/stm32cubeide/plugins/com.st.stm32cube.ide.mcu.externaltools.gnu-tools-for-stm32.7-2018-q2-update.win32_1.0.0.201904181610/tools/bin/../lib/gcc/arm-none-eabi/7.3.1/../../../../arm-none-eabi/lib/thumb/v7e-m/fpv4-sp/hard\libc_nano.a(lib_a-impure.o)
                              c:/st/stm32cubeide_1.3.0/stm32cubeide/plugins/com.st.stm32cube.ide.mcu.externaltools.gnu-tools-for-stm32.7-2018-q2-update.win32_1.0.0.201904181610/tools/bin/../lib/gcc/arm-none-eabi/7.3.1/../../../../arm-none-eabi/lib/thumb/v7e-m/fpv4-sp/hard\libc_nano.a(lib_a-exit.o) (_global_impure_ptr)
c:/st/stm32cubeide_1.3.0/stm32cubeide/plugins/com.st.stm32cube.ide.mcu.externaltools.gnu-tools-for-stm32.7-2018-q2-update.win32_1.0.0.201904181610/tools/bin/../lib/gcc/arm-none-eabi/7.3.1/../../../../arm-none-eabi/lib/thumb/v7e-m/fpv4-sp/hard\libc_nano.a(lib_a-init.o)
                              c:/st/stm32cubeide_1.3.0/stm32cubeide/plugins/com.st.stm32cube.ide.mcu.externaltools.gnu-tools-for-stm32.7-2018-q2-update.win32_1.0.0.201904181610/tools/bin/../lib/gcc/arm-none-eabi/7.3.1/../../../../arm-none-eabi/lib/thumb/v7e-m/fpv4-sp/hard/crt0.o (__libc_init_array)
c:/st/stm32cubeide_1.3.0/stm32cubeide/plugins/com.st.stm32cube.ide.mcu.externaltools.gnu-tools-for-stm32.7-2018-q2-update.win32_1.0.0.201904181610/tools/bin/../lib/gcc/arm-none-eabi/7.3.1/../../../../arm-none-eabi/lib/thumb/v7e-m/fpv4-sp/hard\libc_nano.a(lib_a-malloc.o)
                              Middlewares/ST/STM32_USB_Host_Library/Class/MSC/Src/usbh_msc.o (malloc)
c:/st/stm32cubeide_1.3.0/stm32cubeide/plugins/com.st.stm32cube.ide.mcu.externaltools.gnu-tools-for-stm32.7-2018-q2-update.win32_1.0.0.201904181610/tools/bin/../lib/gcc/arm-none-eabi/7.3.1/../../../../arm-none-eabi/lib/thumb/v7e-m/fpv4-sp/hard\libc_nano.a(lib_a-memcpy-stub.o)
                              Audio/MY_CS43L22.o (memcpy)
c:/st/stm32cubeide_1.3.0/stm32cubeide/plugins/com.st.stm32cube.ide.mcu.externaltools.gnu-tools-for-stm32.7-2018-q2-update.win32_1.0.0.201904181610/tools/bin/../lib/gcc/arm-none-eabi/7.3.1/../../../../arm-none-eabi/lib/thumb/v7e-m/fpv4-sp/hard\libc_nano.a(lib_a-memset.o)
                              c:/st/stm32cubeide_1.3.0/stm32cubeide/plugins/com.st.stm32cube.ide.mcu.externaltools.gnu-tools-for-stm32.7-2018-q2-update.win32_1.0.0.201904181610/tools/bin/../lib/gcc/arm-none-eabi/7.3.1/../../../../arm-none-eabi/lib/thumb/v7e-m/fpv4-sp/hard/crt0.o (memset)
c:/st/stm32cubeide_1.3.0/stm32cubeide/plugins/com.st.stm32cube.ide.mcu.externaltools.gnu-tools-for-stm32.7-2018-q2-update.win32_1.0.0.201904181610/tools/bin/../lib/gcc/arm-none-eabi/7.3.1/../../../../arm-none-eabi/lib/thumb/v7e-m/fpv4-sp/hard\libc_nano.a(lib_a-nano-freer.o)
                              c:/st/stm32cubeide_1.3.0/stm32cubeide/plugins/com.st.stm32cube.ide.mcu.externaltools.gnu-tools-for-stm32.7-2018-q2-update.win32_1.0.0.201904181610/tools/bin/../lib/gcc/arm-none-eabi/7.3.1/../../../../arm-none-eabi/lib/thumb/v7e-m/fpv4-sp/hard\libc_nano.a(lib_a-malloc.o) (_free_r)
c:/st/stm32cubeide_1.3.0/stm32cubeide/plugins/com.st.stm32cube.ide.mcu.externaltools.gnu-tools-for-stm32.7-2018-q2-update.win32_1.0.0.201904181610/tools/bin/../lib/gcc/arm-none-eabi/7.3.1/../../../../arm-none-eabi/lib/thumb/v7e-m/fpv4-sp/hard\libc_nano.a(lib_a-nano-mallocr.o)
                              c:/st/stm32cubeide_1.3.0/stm32cubeide/plugins/com.st.stm32cube.ide.mcu.externaltools.gnu-tools-for-stm32.7-2018-q2-update.win32_1.0.0.201904181610/tools/bin/../lib/gcc/arm-none-eabi/7.3.1/../../../../arm-none-eabi/lib/thumb/v7e-m/fpv4-sp/hard\libc_nano.a(lib_a-malloc.o) (_malloc_r)
c:/st/stm32cubeide_1.3.0/stm32cubeide/plugins/com.st.stm32cube.ide.mcu.externaltools.gnu-tools-for-stm32.7-2018-q2-update.win32_1.0.0.201904181610/tools/bin/../lib/gcc/arm-none-eabi/7.3.1/../../../../arm-none-eabi/lib/thumb/v7e-m/fpv4-sp/hard\libc_nano.a(lib_a-sbrkr.o)
[...]
Memory Configuration

Name             Origin             Length             Attributes
CCMRAM           0x0000000010000000 0x0000000000010000 xrw
RAM              0x0000000020000000 0x0000000000020000 xrw
FLASH            0x0000000008000000 0x0000000000100000 xr
*default*        0x0000000000000000 0xffffffffffffffff

Linker script and memory map

LOAD c:/st/stm32cubeide_1.3.0/stm32cubeide/plugins/com.st.stm32cube.ide.mcu.externaltools.gnu-tools-for-stm32.7-2018-q2-update.win32_1.0.0.201904181610/tools/bin/../lib/gcc/arm-none-eabi/7.3.1/thumb/v7e-m/fpv4-sp/hard/crti.o
LOAD c:/st/stm32cubeide_1.3.0/stm32cubeide/plugins/com.st.stm32cube.ide.mcu.externaltools.gnu-tools-for-stm32.7-2018-q2-update.win32_1.0.0.201904181610/tools/bin/../lib/gcc/arm-none-eabi/7.3.1/thumb/v7e-m/fpv4-sp/hard/crtbegin.o
LOAD c:/st/stm32cubeide_1.3.0/stm32cubeide/plugins/com.st.stm32cube.ide.mcu.externaltools.gnu-tools-for-stm32.7-2018-q2-update.win32_1.0.0.201904181610/tools/bin/../lib/gcc/arm-none-eabi/7.3.1/../../../../arm-none-eabi/lib/thumb/v7e-m/fpv4-sp/hard/crt0.o
LOAD Audio/MY_CS43L22.o
LOAD Audio/audioI2S.o
LOAD Audio/wav_player.o
LOAD Core/Src/Fonts.o
LOAD Core/Src/SSD1331.o
LOAD Core/Src/adc.o
LOAD Core/Src/dma.o
LOAD Core/Src/gpio.o
LOAD Core/Src/i2c.o
LOAD Core/Src/i2s.o
LOAD Core/Src/main.o
LOAD Core/Src/spi.o
LOAD Core/Src/stm32f4xx_hal_msp.o
LOAD Core/Src/stm32f4xx_it.o
LOAD Core/Src/syscalls.o
LOAD Core/Src/sysmem.o
LOAD Core/Src/system_stm32f4xx.o
LOAD Core/Src/tim.o
LOAD Core/Startup/startup_stm32f407vgtx.o
LOAD Drivers/STM32F4xx_HAL_Driver/Src/stm32f4xx_hal.o
LOAD Drivers/STM32F4xx_HAL_Driver/Src/stm32f4xx_hal_adc.o
LOAD Drivers/STM32F4xx_HAL_Driver/Src/stm32f4xx_hal_adc_ex.o
LOAD Drivers/STM32F4xx_HAL_Driver/Src/stm32f4xx_hal_cortex.o
LOAD Drivers/STM32F4xx_HAL_Driver/Src/stm32f4xx_hal_dma.o
LOAD Drivers/STM32F4xx_HAL_Driver/Src/stm32f4xx_hal_dma_ex.o
LOAD Drivers/STM32F4xx_HAL_Driver/Src/stm32f4xx_hal_exti.o
LOAD Drivers/STM32F4xx_HAL_Driver/Src/stm32f4xx_hal_flash.o
LOAD Drivers/STM32F4xx_HAL_Driver/Src/stm32f4xx_hal_flash_ex.o
LOAD Drivers/STM32F4xx_HAL_Driver/Src/stm32f4xx_hal_flash_ramfunc.o
LOAD Drivers/STM32F4xx_HAL_Driver/Src/stm32f4xx_hal_gpio.o
LOAD Drivers/STM32F4xx_HAL_Driver/Src/stm32f4xx_hal_hcd.o
LOAD Drivers/STM32F4xx_HAL_Driver/Src/stm32f4xx_hal_i2c.o
LOAD Drivers/STM32F4xx_HAL_Driver/Src/stm32f4xx_hal_i2c_ex.o
LOAD Drivers/STM32F4xx_HAL_Driver/Src/stm32f4xx_hal_i2s.o
LOAD Drivers/STM32F4xx_HAL_Driver/Src/stm32f4xx_hal_i2s_ex.o
LOAD Drivers/STM32F4xx_HAL_Driver/Src/stm32f4xx_hal_pwr.o
LOAD Drivers/STM32F4xx_HAL_Driver/Src/stm32f4xx_hal_pwr_ex.o
LOAD Drivers/STM32F4xx_HAL_Driver/Src/stm32f4xx_hal_rcc.o
LOAD Drivers/STM32F4xx_HAL_Driver/Src/stm32f4xx_hal_rcc_ex.o
LOAD Drivers/STM32F4xx_HAL_Driver/Src/stm32f4xx_hal_spi.o
LOAD Drivers/STM32F4xx_HAL_Driver/Src/stm32f4xx_hal_tim.o
LOAD Drivers/STM32F4xx_HAL_Driver/Src/stm32f4xx_hal_tim_ex.o
LOAD Drivers/STM32F4xx_HAL_Driver/Src/stm32f4xx_ll_usb.o
LOAD FATFS/App/fatfs.o
LOAD FATFS/Target/usbh_diskio.o
LOAD Middlewares/ST/STM32_USB_Host_Library/Class/MSC/Src/usbh_msc.o
LOAD Middlewares/ST/STM32_USB_Host_Library/Class/MSC/Src/usbh_msc_bot.o
LOAD Middlewares/ST/STM32_USB_Host_Library/Class/MSC/Src/usbh_msc_scsi.o
LOAD Middlewares/ST/STM32_USB_Host_Library/Core/Src/usbh_core.o
LOAD Middlewares/ST/STM32_USB_Host_Library/Core/Src/usbh_ctlreq.o
LOAD Middlewares/ST/STM32_USB_Host_Library/Core/Src/usbh_ioreq.o
LOAD Middlewares/ST/STM32_USB_Host_Library/Core/Src/usbh_pipes.o
LOAD Middlewares/Third_Party/FatFs/src/diskio.o
LOAD Middlewares/Third_Party/FatFs/src/ff.o
LOAD Middlewares/Third_Party/FatFs/src/ff_gen_drv.o
LOAD Middlewares/Third_Party/FatFs/src/option/syscall.o
LOAD USB_HOST/App/usb_host.o
LOAD USB_HOST/Target/usbh_conf.o
START GROUP
LOAD c:/st/stm32cubeide_1.3.0/stm32cubeide/plugins/com.st.stm32cube.ide.mcu.externaltools.gnu-tools-for-stm32.7-2018-q2-update.win32_1.0.0.201904181610/tools/bin/../lib/gcc/arm-none-eabi/7.3.1/../../../../arm-none-eabi/lib/thumb/v7e-m/fpv4-sp/hard\libc_nano.a
LOAD c:/st/stm32cubeide_1.3.0/stm32cubeide/plugins/com.st.stm32cube.ide.mcu.externaltools.gnu-tools-for-stm32.7-2018-q2-update.win32_1.0.0.201904181610/tools/bin/../lib/gcc/arm-none-eabi/7.3.1/../../../../arm-none-eabi/lib/thumb/v7e-m/fpv4-sp/hard\libm.a
END GROUP
START GROUP
LOAD c:/st/stm32cubeide_1.3.0/stm32cubeide/plugins/com.st.stm32cube.ide.mcu.externaltools.gnu-tools-for-stm32.7-2018-q2-update.win32_1.0.0.201904181610/tools/bin/../lib/gcc/arm-none-eabi/7.3.1/thumb/v7e-m/fpv4-sp/hard\libgcc.a
LOAD c:/st/stm32cubeide_1.3.0/stm32cubeide/plugins/com.st.stm32cube.ide.mcu.externaltools.gnu-tools-for-stm32.7-2018-q2-update.win32_1.0.0.201904181610/tools/bin/../lib/gcc/arm-none-eabi/7.3.1/../../../../arm-none-eabi/lib/thumb/v7e-m/fpv4-sp/hard\libc_nano.a
END GROUP
START GROUP
LOAD c:/st/stm32cubeide_1.3.0/stm32cubeide/plugins/com.st.stm32cube.ide.mcu.externaltools.gnu-tools-for-stm32.7-2018-q2-update.win32_1.0.0.201904181610/tools/bin/../lib/gcc/arm-none-eabi/7.3.1/thumb/v7e-m/fpv4-sp/hard\libgcc.a
LOAD c:/st/stm32cubeide_1.3.0/stm32cubeide/plugins/com.st.stm32cube.ide.mcu.externaltools.gnu-tools-for-stm32.7-2018-q2-update.win32_1.0.0.201904181610/tools/bin/../lib/gcc/arm-none-eabi/7.3.1/../../../../arm-none-eabi/lib/thumb/v7e-m/fpv4-sp/hard\libc_nano.a
LOAD c:/st/stm32cubeide_1.3.0/stm32cubeide/plugins/com.st.stm32cube.ide.mcu.externaltools.gnu-tools-for-stm32.7-2018-q2-update.win32_1.0.0.201904181610/tools/bin/../lib/gcc/arm-none-eabi/7.3.1/../../../../arm-none-eabi/lib/thumb/v7e-m/fpv4-sp/hard\libnosys.a
END GROUP
START GROUP
LOAD c:/st/stm32cubeide_1.3.0/stm32cubeide/plugins/com.st.stm32cube.ide.mcu.externaltools.gnu-tools-for-stm32.7-2018-q2-update.win32_1.0.0.201904181610/tools/bin/../lib/gcc/arm-none-eabi/7.3.1/thumb/v7e-m/fpv4-sp/hard\libgcc.a
LOAD c:/st/stm32cubeide_1.3.0/stm32cubeide/plugins/com.st.stm32cube.ide.mcu.externaltools.gnu-tools-for-stm32.7-2018-q2-update.win32_1.0.0.201904181610/tools/bin/../lib/gcc/arm-none-eabi/7.3.1/../../../../arm-none-eabi/lib/thumb/v7e-m/fpv4-sp/hard\libc_nano.a
LOAD c:/st/stm32cubeide_1.3.0/stm32cubeide/plugins/com.st.stm32cube.ide.mcu.externaltools.gnu-tools-for-stm32.7-2018-q2-update.win32_1.0.0.201904181610/tools/bin/../lib/gcc/arm-none-eabi/7.3.1/../../../../arm-none-eabi/lib/thumb/v7e-m/fpv4-sp/hard\libnosys.a
END GROUP
LOAD c:/st/stm32cubeide_1.3.0/stm32cubeide/plugins/com.st.stm32cube.ide.mcu.externaltools.gnu-tools-for-stm32.7-2018-q2-update.win32_1.0.0.201904181610/tools/bin/../lib/gcc/arm-none-eabi/7.3.1/thumb/v7e-m/fpv4-sp/hard/crtend.o
LOAD c:/st/stm32cubeide_1.3.0/stm32cubeide/plugins/com.st.stm32cube.ide.mcu.externaltools.gnu-tools-for-stm32.7-2018-q2-update.win32_1.0.0.201904181610/tools/bin/../lib/gcc/arm-none-eabi/7.3.1/thumb/v7e-m/fpv4-sp/hard/crtn.o
                0x0000000020020000                _estack = (ORIGIN (RAM) + LENGTH (RAM))
                0x0000000000002000                _Min_Heap_Size = 0x2000
                0x0000000000002000                _Min_Stack_Size = 0x2000

.isr_vector     0x0000000008000000      0x188
                0x0000000008000000                . = ALIGN (0x4)
 *(.isr_vector)
 .isr_vector    0x0000000008000000      0x188 Core/Startup/startup_stm32f407vgtx.o
                0x0000000008000000                g_pfnVectors
                0x0000000008000188                . = ALIGN (0x4)

.text           0x0000000008000190    0x109f0
                0x0000000008000190                . = ALIGN (0x4)
 *(.text)
 .text          0x0000000008000190       0x40 c:/st/stm32cubeide_1.3.0/stm32cubeide/plugins/com.st.stm32cube.ide.mcu.externaltools.gnu-tools-for-stm32.7-2018-q2-update.win32_1.0.0.201904181610/tools/bin/../lib/gcc/arm-none-eabi/7.3.1/thumb/v7e-m/fpv4-sp/hard/crtbegin.o
 .text          0x00000000080001d0       0xa0 c:/st/stm32cubeide_1.3.0/stm32cubeide/plugins/com.st.stm32cube.ide.mcu.externaltools.gnu-tools-for-stm32.7-2018-q2-update.win32_1.0.0.201904181610/tools/bin/../lib/gcc/arm-none-eabi/7.3.1/../../../../arm-none-eabi/lib/thumb/v7e-m/fpv4-sp/hard\libc_nano.a(lib_a-memchr.o)
                0x00000000080001d0                memchr
 .text          0x0000000008000270      0x378 c:/st/stm32cubeide_1.3.0/stm32cubeide/plugins/com.st.stm32cube.ide.mcu.externaltools.gnu-tools-for-stm32.7-2018-q2-update.win32_1.0.0.201904181610/tools/bin/../lib/gcc/arm-none-eabi/7.3.1/thumb/v7e-m/fpv4-sp/hard\libgcc.a(_arm_addsubdf3.o)
                0x0000000008000270                __aeabi_drsub
                0x0000000008000278                __aeabi_dsub
                0x0000000008000278                __subdf3
                0x000000000800027c                __aeabi_dadd
                0x000000000800027c                __adddf3
                0x00000000080004f4                __floatunsidf
                0x00000000080004f4                __aeabi_ui2d
                0x0000000008000514                __floatsidf
                0x0000000008000514                __aeabi_i2d
                0x0000000008000538                __aeabi_f2d
                0x0000000008000538                __extendsfdf2
                0x000000000800057c                __floatundidf
                0x000000000800057c                __aeabi_ul2d
                0x000000000800058c                __floatdidf
                0x000000000800058c                __aeabi_l2d
 .text          0x00000000080005e8      0x424 c:/st/stm32cubeide_1.3.0/stm32cubeide/plugins/com.st.stm32cube.ide.mcu.externaltools.gnu-tools-for-stm32.7-2018-q2-update.win32_1.0.0.201904181610/tools/bin/../lib/gcc/arm-none-eabi/7.3.1/thumb/v7e-m/fpv4-sp/hard\libgcc.a(_arm_muldivdf3.o)
                0x00000000080005e8                __aeabi_dmul
                0x00000000080005e8                __muldf3
                0x000000000800083c                __divdf3
                0x000000000800083c                __aeabi_ddiv
 .text          0x0000000008000a0c       0xa0 c:/st/stm32cubeide_1.3.0/stm32cubeide/plugins/com.st.stm32cube.ide.mcu.externaltools.gnu-tools-for-stm32.7-2018-q2-update.win32_1.0.0.201904181610/tools/bin/../lib/gcc/arm-none-eabi/7.3.1/thumb/v7e-m/fpv4-sp/hard\libgcc.a(_arm_truncdfsf2.o)
                0x0000000008000a0c                __truncdfsf2
                0x0000000008000a0c                __aeabi_d2f
 .text          0x0000000008000aac       0x30 c:/st/stm32cubeide_1.3.0/stm32cubeide/plugins/com.st.stm32cube.ide.mcu.externaltools.gnu-tools-for-stm32.7-2018-q2-update.win32_1.0.0.201904181610/tools/bin/../lib/gcc/arm-none-eabi/7.3.1/thumb/v7e-m/fpv4-sp/hard\libgcc.a(_aeabi_uldivmod.o)
                0x0000000008000aac                __aeabi_uldivmod
 .text          0x0000000008000adc      0x2cc c:/st/stm32cubeide_1.3.0/stm32cubeide/plugins/com.st.stm32cube.ide.mcu.externaltools.gnu-tools-for-stm32.7-2018-q2-update.win32_1.0.0.201904181610/tools/bin/../lib/gcc/arm-none-eabi/7.3.1/thumb/v7e-m/fpv4-sp/hard\libgcc.a(_udivmoddi4.o)
                0x0000000008000adc                __udivmoddi4
 .text          0x0000000008000da8        0x4 c:/st/stm32cubeide_1.3.0/stm32cubeide/plugins/com.st.stm32cube.ide.mcu.externaltools.gnu-tools-for-stm32.7-2018-q2-update.win32_1.0.0.201904181610/tools/bin/../lib/gcc/arm-none-eabi/7.3.1/thumb/v7e-m/fpv4-sp/hard\libgcc.a(_dvmd_tls.o)
                0x0000000008000da8                __aeabi_idiv0
                0x0000000008000da8                __aeabi_ldiv0
 *(.text*)
 .text.write_register
                0x0000000008000dac       0x34 Audio/MY_CS43L22.o
 .text.read_register
                0x0000000008000de0       0x40 Audio/MY_CS43L22.o
 .text.CS43_Init
                0x0000000008000e20      0x20c Audio/MY_CS43L22.o
                0x0000000008000e20                CS43_Init
 .text.CS43_Enable_RightLeft
                0x000000000800102c       0x94 Audio/MY_CS43L22.o
                0x000000000800102c                CS43_Enable_RightLeft
 .text.CS43_SetVolume
                0x00000000080010c0       0x36 Audio/MY_CS43L22.o
                0x00000000080010c0                CS43_SetVolume
 .text.CS43_SetMute
                0x00000000080010f6       0x7e Audio/MY_CS43L22.o
                0x00000000080010f6                CS43_SetMute
 .text.CS43_Start
                0x0000000008001174       0x98 Audio/MY_CS43L22.o
                0x0000000008001174                CS43_Start
 .text.CS43_Stop
                0x000000000800120c       0x34 Audio/MY_CS43L22.o
                0x000000000800120c                CS43_Stop
 .text.audioI2S_pllClockConfig
                0x0000000008001240       0x98 Audio/audioI2S.o
 .text.I2S3_freqUpdate
                0x00000000080012d8       0x88 Audio/audioI2S.o
 .text.audioI2S_setHandle
                0x0000000008001360       0x20 Audio/audioI2S.o
                0x0000000008001360                audioI2S_setHandle
 .text.audioI2S_init
                0x0000000008001380       0x1e Audio/audioI2S.o
                0x0000000008001380                audioI2S_init
 *fill*         0x000000000800139e        0x2 
 .text.audioI2S_play
                0x00000000080013a0       0x3c Audio/audioI2S.o
                0x00000000080013a0                audioI2S_play
 .text.audioI2S_pause
                0x00000000080013dc       0x1c Audio/audioI2S.o
                0x00000000080013dc                audioI2S_pause
 .text.audioI2S_resume
                0x00000000080013f8       0x1c Audio/audioI2S.o
                0x00000000080013f8                audioI2S_resume
 .text.audioI2S_stop
                0x0000000008001414       0x1c Audio/audioI2S.o
                0x0000000008001414                audioI2S_stop
 .text.HAL_I2S_TxCpltCallback
                0x0000000008001430       0x24 Audio/audioI2S.o
                0x0000000008001430                HAL_I2S_TxCpltCallback
 .text.HAL_I2S_TxHalfCpltCallback
                0x0000000008001454       0x24 Audio/audioI2S.o
                0x0000000008001454                HAL_I2S_TxHalfCpltCallback
 .text.wavPlayer_reset
                0x0000000008001478       0x24 Audio/wav_player.o
 .text.wavPlayer_fileSelect
                0x000000000800149c       0x54 Audio/wav_player.o
                0x000000000800149c                wavPlayer_fileSelect
 .text.wavPlayer_play
                0x00000000080014f0       0x64 Audio/wav_player.o
                0x00000000080014f0                wavPlayer_play
 .text.wavPlayer_process
                0x0000000008001554       0xe4 Audio/wav_player.o
                0x0000000008001554                wavPlayer_process
 .text.wavPlayer_stop
                0x0000000008001638       0x18 Audio/wav_player.o
                0x0000000008001638                wavPlayer_stop
 .text.wavPlayer_pause
                0x0000000008001650        0xc Audio/wav_player.o
                0x0000000008001650                wavPlayer_pause
 .text.wavPlayer_resume
                0x000000000800165c        0xc Audio/wav_player.o
                0x000000000800165c                wavPlayer_resume
 .text.wavPlayer_isFinished
                0x0000000008001668       0x18 Audio/wav_player.o
                0x0000000008001668                wavPlayer_isFinished
 .text.audioI2S_halfTransfer_Callback
                0x0000000008001680       0x18 Audio/wav_player.o
                0x0000000008001680                audioI2S_halfTransfer_Callback
 .text.audioI2S_fullTransfer_Callback
                0x0000000008001698       0x18 Audio/wav_player.o
                0x0000000008001698                audioI2S_fullTransfer_Callback
 .text.ssd1331_write_byte
                0x00000000080016b0       0x6c Core/Src/SSD1331.o
 .text.ssd1331_draw_point
                0x000000000800171c       0x78 Core/Src/SSD1331.o
                0x000000000800171c                ssd1331_draw_point
 .text.ssd1331_display_char
                0x0000000008001794       0xdc Core/Src/SSD1331.o
                0x0000000008001794                ssd1331_display_char
 .text._pow     0x0000000008001870       0x38 Core/Src/SSD1331.o
 .text.ssd1331_display_num
                0x00000000080018a8       0xec Core/Src/SSD1331.o
                0x00000000080018a8                ssd1331_display_num
 .text.ssd1331_display_string
                0x0000000008001994       0x92 Core/Src/SSD1331.o
                0x0000000008001994                ssd1331_display_string
 .text.ssd1331_clear_screen
                0x0000000008001a26       0x46 Core/Src/SSD1331.o
                0x0000000008001a26                ssd1331_clear_screen
 .text.ssd1331_init
                0x0000000008001a6c      0x15c Core/Src/SSD1331.o
                0x0000000008001a6c                ssd1331_init
 .text.MX_ADC2_Init
                0x0000000008001bc8       0xa4 Core/Src/adc.o
                0x0000000008001bc8                MX_ADC2_Init
 .text.HAL_ADC_MspInit
                0x0000000008001c6c       0x98 Core/Src/adc.o
                0x0000000008001c6c                HAL_ADC_MspInit
 .text.MX_DMA_Init
                0x0000000008001d04       0x40 Core/Src/dma.o
                0x0000000008001d04                MX_DMA_Init
 .text.MX_GPIO_Init
                0x0000000008001d44      0x1ac Core/Src/gpio.o
                0x0000000008001d44                MX_GPIO_Init
 .text.MX_I2C1_Init
                0x0000000008001ef0       0x5c Core/Src/i2c.o
                0x0000000008001ef0                MX_I2C1_Init
 .text.HAL_I2C_MspInit
                0x0000000008001f4c       0x90 Core/Src/i2c.o
                0x0000000008001f4c                HAL_I2C_MspInit
 .text.MX_I2S3_Init
                0x0000000008001fdc       0x5c Core/Src/i2s.o
                0x0000000008001fdc                MX_I2S3_Init
 .text.HAL_I2S_MspInit
                0x0000000008002038      0x14c Core/Src/i2s.o
                0x0000000008002038                HAL_I2S_MspInit
 *fill*         0x0000000008002184        0x4 
 .text.HAL_ADC_ConvCpltCallback
                0x0000000008002188       0xb4 Core/Src/main.o
                0x0000000008002188                HAL_ADC_ConvCpltCallback
 .text.HAL_TIM_PeriodElapsedCallback
                0x000000000800223c      0x128 Core/Src/main.o
                0x000000000800223c                HAL_TIM_PeriodElapsedCallback
 .text.main     0x0000000008002364      0x350 Core/Src/main.o
                0x0000000008002364                main
 .text.SystemClock_Config
                0x00000000080026b4      0x104 Core/Src/main.o
                0x00000000080026b4                SystemClock_Config
 .text.Error_Handler
                0x00000000080027b8        0xe Core/Src/main.o
                0x00000000080027b8                Error_Handler
 *fill*         0x00000000080027c6        0x2 
 .text.MX_SPI1_Init
                0x00000000080027c8       0x6c Core/Src/spi.o
                0x00000000080027c8                MX_SPI1_Init
 .text.HAL_SPI_MspInit
                0x0000000008002834       0x90 Core/Src/spi.o
                0x0000000008002834                HAL_SPI_MspInit
 .text.HAL_MspInit
                0x00000000080028c4       0x60 Core/Src/stm32f4xx_hal_msp.o
                0x00000000080028c4                HAL_MspInit
 .text.NMI_Handler
                0x0000000008002924        0xe Core/Src/stm32f4xx_it.o
                0x0000000008002924                NMI_Handler
 .text.HardFault_Handler
                0x0000000008002932        0x6 Core/Src/stm32f4xx_it.o
                0x0000000008002932                HardFault_Handler
 .text.MemManage_Handler
                0x0000000008002938        0x6 Core/Src/stm32f4xx_it.o
                0x0000000008002938                MemManage_Handler
 .text.BusFault_Handler
                0x000000000800293e        0x6 Core/Src/stm32f4xx_it.o
                0x000000000800293e                BusFault_Handler
 .text.UsageFault_Handler
                0x0000000008002944        0x6 Core/Src/stm32f4xx_it.o
                0x0000000008002944                UsageFault_Handler
 .text.SVC_Handler
                0x000000000800294a        0xe Core/Src/stm32f4xx_it.o
                0x000000000800294a                SVC_Handler
 .text.DebugMon_Handler
                0x0000000008002958        0xe Core/Src/stm32f4xx_it.o
                0x0000000008002958                DebugMon_Handler
 .text.PendSV_Handler
                0x0000000008002966        0xe Core/Src/stm32f4xx_it.o
                0x0000000008002966                PendSV_Handler
 .text.SysTick_Handler
                0x0000000008002974        0xc Core/Src/stm32f4xx_it.o
                0x0000000008002974                SysTick_Handler
 .text.PVD_IRQHandler
                0x0000000008002980        0xc Core/Src/stm32f4xx_it.o
                0x0000000008002980                PVD_IRQHandler
 .text.DMA1_Stream5_IRQHandler
                0x000000000800298c       0x14 Core/Src/stm32f4xx_it.o
                0x000000000800298c                DMA1_Stream5_IRQHandler
 .text.ADC_IRQHandler
                0x00000000080029a0       0x14 Core/Src/stm32f4xx_it.o
                0x00000000080029a0                ADC_IRQHandler
 .text.TIM2_IRQHandler
                0x00000000080029b4       0x14 Core/Src/stm32f4xx_it.o
                0x00000000080029b4                TIM2_IRQHandler
 .text.TIM3_IRQHandler
                0x00000000080029c8       0x14 Core/Src/stm32f4xx_it.o
                0x00000000080029c8                TIM3_IRQHandler
 .text.OTG_FS_IRQHandler
                0x00000000080029dc       0x14 Core/Src/stm32f4xx_it.o
                0x00000000080029dc                OTG_FS_IRQHandler
 .text._sbrk    0x00000000080029f0       0x58 Core/Src/sysmem.o
                0x00000000080029f0                _sbrk
 .text.SystemInit
                0x0000000008002a48       0x2c Core/Src/system_stm32f4xx.o
                0x0000000008002a48                SystemInit
 .text.MX_TIM2_Init
                0x0000000008002a74       0x9c Core/Src/tim.o
                0x0000000008002a74                MX_TIM2_Init
 .text.MX_TIM3_Init
                0x0000000008002b10       0x9c Core/Src/tim.o
                0x0000000008002b10                MX_TIM3_Init
 .text.HAL_TIM_Base_MspInit
                0x0000000008002bac       0x88 Core/Src/tim.o
                0x0000000008002bac                HAL_TIM_Base_MspInit
 .text.Reset_Handler
                0x0000000008002c34       0x50 Core/Startup/startup_stm32f407vgtx.o
                0x0000000008002c34                Reset_Handler
 .text.Default_Handler
                0x0000000008002c84        0x2 Core/Startup/startup_stm32f407vgtx.o
                0x0000000008002c84                RTC_Alarm_IRQHandler
                0x0000000008002c84                HASH_RNG_IRQHandler
                0x0000000008002c84                EXTI2_IRQHandler
                0x0000000008002c84                TIM8_CC_IRQHandler
                0x0000000008002c84                TIM1_CC_IRQHandler
                0x0000000008002c84                DMA2_Stream5_IRQHandler
                0x0000000008002c84                SDIO_IRQHandler
                0x0000000008002c84                TAMP_STAMP_IRQHandler
                0x0000000008002c84                CAN2_RX1_IRQHandler
                0x0000000008002c84                EXTI3_IRQHandler
                0x0000000008002c84                TIM8_TRG_COM_TIM14_IRQHandler
                0x0000000008002c84                TIM1_UP_TIM10_IRQHandler
                0x0000000008002c84                TIM8_UP_TIM13_IRQHandler
                0x0000000008002c84                I2C3_ER_IRQHandler
                0x0000000008002c84                EXTI0_IRQHandler
                0x0000000008002c84                I2C2_EV_IRQHandler
                0x0000000008002c84                DMA1_Stream2_IRQHandler
                0x0000000008002c84                CAN1_RX0_IRQHandler
                0x0000000008002c84                FPU_IRQHandler
                0x0000000008002c84                OTG_HS_WKUP_IRQHandler
                0x0000000008002c84                CAN2_SCE_IRQHandler
                0x0000000008002c84                DMA2_Stream2_IRQHandler
                0x0000000008002c84                SPI1_IRQHandler
                0x0000000008002c84                TIM6_DAC_IRQHandler
                0x0000000008002c84                TIM1_BRK_TIM9_IRQHandler
                0x0000000008002c84                DCMI_IRQHandler
                0x0000000008002c84                CAN2_RX0_IRQHandler
                0x0000000008002c84                DMA2_Stream3_IRQHandler
                0x0000000008002c84                USART6_IRQHandler
                0x0000000008002c84                USART3_IRQHandler
                0x0000000008002c84                CAN1_RX1_IRQHandler
                0x0000000008002c84                UART5_IRQHandler
                0x0000000008002c84                DMA2_Stream0_IRQHandler
                0x0000000008002c84                TIM4_IRQHandler
                0x0000000008002c84                I2C1_EV_IRQHandler
                0x0000000008002c84                DMA1_Stream6_IRQHandler
                0x0000000008002c84                DMA1_Stream1_IRQHandler
                0x0000000008002c84                UART4_IRQHandler
                0x0000000008002c84                RCC_IRQHandler
                0x0000000008002c84                TIM8_BRK_TIM12_IRQHandler
                0x0000000008002c84                Default_Handler
                0x0000000008002c84                EXTI15_10_IRQHandler
                0x0000000008002c84                DMA1_Stream7_IRQHandler
                0x0000000008002c84                TIM7_IRQHandler
                0x0000000008002c84                CAN2_TX_IRQHandler
                0x0000000008002c84                TIM5_IRQHandler
                0x0000000008002c84                DMA2_Stream7_IRQHandler
                0x0000000008002c84                I2C3_EV_IRQHandler
                0x0000000008002c84                EXTI9_5_IRQHandler
                0x0000000008002c84                RTC_WKUP_IRQHandler
                0x0000000008002c84                ETH_WKUP_IRQHandler
                0x0000000008002c84                SPI2_IRQHandler
                0x0000000008002c84                OTG_HS_EP1_IN_IRQHandler
                0x0000000008002c84                DMA1_Stream0_IRQHandler
                0x0000000008002c84                CAN1_TX_IRQHandler
                0x0000000008002c84                EXTI4_IRQHandler
                0x0000000008002c84                FSMC_IRQHandler
                0x0000000008002c84                ETH_IRQHandler
                0x0000000008002c84                OTG_HS_EP1_OUT_IRQHandler
                0x0000000008002c84                WWDG_IRQHandler
                0x0000000008002c84                OTG_FS_WKUP_IRQHandler
                0x0000000008002c84                TIM1_TRG_COM_TIM11_IRQHandler
                0x0000000008002c84                OTG_HS_IRQHandler
                0x0000000008002c84                EXTI1_IRQHandler
                0x0000000008002c84                USART2_IRQHandler
                0x0000000008002c84                I2C2_ER_IRQHandler
                0x0000000008002c84                DMA2_Stream1_IRQHandler
                0x0000000008002c84                CAN1_SCE_IRQHandler
                0x0000000008002c84                FLASH_IRQHandler
                0x0000000008002c84                DMA2_Stream4_IRQHandler
                0x0000000008002c84                USART1_IRQHandler
                0x0000000008002c84                SPI3_IRQHandler
                0x0000000008002c84                DMA1_Stream4_IRQHandler
                0x0000000008002c84                I2C1_ER_IRQHandler
                0x0000000008002c84                DMA2_Stream6_IRQHandler
                0x0000000008002c84                DMA1_Stream3_IRQHandler
 *fill*         0x0000000008002c86        0x2 
 .text.HAL_Init
                0x0000000008002c88       0x44 Drivers/STM32F4xx_HAL_Driver/Src/stm32f4xx_hal.o
                0x0000000008002c88                HAL_Init
 .text.HAL_InitTick
                0x0000000008002ccc       0x60 Drivers/STM32F4xx_HAL_Driver/Src/stm32f4xx_hal.o
                0x0000000008002ccc                HAL_InitTick
 .text.HAL_IncTick
                0x0000000008002d2c       0x28 Drivers/STM32F4xx_HAL_Driver/Src/stm32f4xx_hal.o
                0x0000000008002d2c                HAL_IncTick
 .text.HAL_GetTick
                0x0000000008002d54       0x18 Drivers/STM32F4xx_HAL_Driver/Src/stm32f4xx_hal.o
                0x0000000008002d54                HAL_GetTick
 .text.HAL_Delay
                0x0000000008002d6c       0x44 Drivers/STM32F4xx_HAL_Driver/Src/stm32f4xx_hal.o
                0x0000000008002d6c                HAL_Delay
 .text.HAL_ADC_Init
                0x0000000008002db0       0x86 Drivers/STM32F4xx_HAL_Driver/Src/stm32f4xx_hal_adc.o
                0x0000000008002db0                HAL_ADC_Init
 *fill*         0x0000000008002e36        0x2 
 .text.HAL_ADC_Start_IT
                0x0000000008002e38      0x1a0 Drivers/STM32F4xx_HAL_Driver/Src/stm32f4xx_hal_adc.o
                0x0000000008002e38                HAL_ADC_Start_IT
 .text.HAL_ADC_IRQHandler
                0x0000000008002fd8      0x282 Drivers/STM32F4xx_HAL_Driver/Src/stm32f4xx_hal_adc.o
                0x0000000008002fd8                HAL_ADC_IRQHandler
 .text.HAL_ADC_GetValue
                0x000000000800325a       0x1a Drivers/STM32F4xx_HAL_Driver/Src/stm32f4xx_hal_adc.o
                0x000000000800325a                HAL_ADC_GetValue
 .text.HAL_ADC_LevelOutOfWindowCallback
                0x0000000008003274       0x14 Drivers/STM32F4xx_HAL_Driver/Src/stm32f4xx_hal_adc.o
                0x0000000008003274                HAL_ADC_LevelOutOfWindowCallback
 .text.HAL_ADC_ErrorCallback
                0x0000000008003288       0x14 Drivers/STM32F4xx_HAL_Driver/Src/stm32f4xx_hal_adc.o
                0x0000000008003288                HAL_ADC_ErrorCallback
 .text.HAL_ADC_ConfigChannel
                0x000000000800329c      0x244 Drivers/STM32F4xx_HAL_Driver/Src/stm32f4xx_hal_adc.o
                0x000000000800329c                HAL_ADC_ConfigChannel
 .text.ADC_Init
                0x00000000080034e0      0x1f8 Drivers/STM32F4xx_HAL_Driver/Src/stm32f4xx_hal_adc.o
 .text.HAL_ADCEx_InjectedConvCpltCallback
                0x00000000080036d8       0x14 Drivers/STM32F4xx_HAL_Driver/Src/stm32f4xx_hal_adc_ex.o
                0x00000000080036d8                HAL_ADCEx_InjectedConvCpltCallback
 .text.__NVIC_SetPriorityGrouping
                0x00000000080036ec       0x48 Drivers/STM32F4xx_HAL_Driver/Src/stm32f4xx_hal_cortex.o
 .text.__NVIC_GetPriorityGrouping
                0x0000000008003734       0x1c Drivers/STM32F4xx_HAL_Driver/Src/stm32f4xx_hal_cortex.o
 .text.__NVIC_EnableIRQ
                0x0000000008003750       0x3c Drivers/STM32F4xx_HAL_Driver/Src/stm32f4xx_hal_cortex.o
 .text.__NVIC_SetPriority
                0x000000000800378c       0x54 Drivers/STM32F4xx_HAL_Driver/Src/stm32f4xx_hal_cortex.o
 .text.NVIC_EncodePriority
                0x00000000080037e0       0x66 Drivers/STM32F4xx_HAL_Driver/Src/stm32f4xx_hal_cortex.o
 *fill*         0x0000000008003846        0x2 
 .text.SysTick_Config
                0x0000000008003848       0x44 Drivers/STM32F4xx_HAL_Driver/Src/stm32f4xx_hal_cortex.o
 .text.HAL_NVIC_SetPriorityGrouping
                0x000000000800388c       0x16 Drivers/STM32F4xx_HAL_Driver/Src/stm32f4xx_hal_cortex.o
                0x000000000800388c                HAL_NVIC_SetPriorityGrouping
 .text.HAL_NVIC_SetPriority
                0x00000000080038a2       0x38 Drivers/STM32F4xx_HAL_Driver/Src/stm32f4xx_hal_cortex.o
                0x00000000080038a2                HAL_NVIC_SetPriority
 .text.HAL_NVIC_EnableIRQ
                0x00000000080038da       0x1c Drivers/STM32F4xx_HAL_Driver/Src/stm32f4xx_hal_cortex.o
                0x00000000080038da                HAL_NVIC_EnableIRQ
 .text.HAL_SYSTICK_Config
                0x00000000080038f6       0x18 Drivers/STM32F4xx_HAL_Driver/Src/stm32f4xx_hal_cortex.o
                0x00000000080038f6                HAL_SYSTICK_Config
 *fill*         0x000000000800390e        0x2 
 .text.HAL_DMA_Init
                0x0000000008003910      0x15c Drivers/STM32F4xx_HAL_Driver/Src/stm32f4xx_hal_dma.o
                0x0000000008003910                HAL_DMA_Init
 .text.HAL_DMA_Start_IT
                0x0000000008003a6c       0xb0 Drivers/STM32F4xx_HAL_Driver/Src/stm32f4xx_hal_dma.o
                0x0000000008003a6c                HAL_DMA_Start_IT
 .text.HAL_DMA_Abort
                0x0000000008003b1c       0xe0 Drivers/STM32F4xx_HAL_Driver/Src/stm32f4xx_hal_dma.o
                0x0000000008003b1c                HAL_DMA_Abort
 .text.HAL_DMA_IRQHandler
                0x0000000008003bfc      0x314 Drivers/STM32F4xx_HAL_Driver/Src/stm32f4xx_hal_dma.o
                0x0000000008003bfc                HAL_DMA_IRQHandler
 .text.DMA_SetConfig
                0x0000000008003f10       0x5c Drivers/STM32F4xx_HAL_Driver/Src/stm32f4xx_hal_dma.o
 .text.DMA_CalcBaseAndBitshift
                0x0000000008003f6c       0x6c Drivers/STM32F4xx_HAL_Driver/Src/stm32f4xx_hal_dma.o
 .text.DMA_CheckFifoParam
                0x0000000008003fd8       0xf4 Drivers/STM32F4xx_HAL_Driver/Src/stm32f4xx_hal_dma.o
 .text.HAL_GPIO_Init
                0x00000000080040cc      0x334 Drivers/STM32F4xx_HAL_Driver/Src/stm32f4xx_hal_gpio.o
                0x00000000080040cc                HAL_GPIO_Init
 .text.HAL_GPIO_ReadPin
                0x0000000008004400       0x30 Drivers/STM32F4xx_HAL_Driver/Src/stm32f4xx_hal_gpio.o
                0x0000000008004400                HAL_GPIO_ReadPin
 .text.HAL_GPIO_WritePin
                0x0000000008004430       0x32 Drivers/STM32F4xx_HAL_Driver/Src/stm32f4xx_hal_gpio.o
                0x0000000008004430                HAL_GPIO_WritePin
 .text.HAL_GPIO_TogglePin
                0x0000000008004462       0x36 Drivers/STM32F4xx_HAL_Driver/Src/stm32f4xx_hal_gpio.o
                0x0000000008004462                HAL_GPIO_TogglePin
 .text.HAL_HCD_Init
                0x0000000008004498       0xc4 Drivers/STM32F4xx_HAL_Driver/Src/stm32f4xx_hal_hcd.o
                0x0000000008004498                HAL_HCD_Init
 .text.HAL_HCD_HC_Init
                0x000000000800455c      0x130 Drivers/STM32F4xx_HAL_Driver/Src/stm32f4xx_hal_hcd.o
                0x000000000800455c                HAL_HCD_HC_Init
 .text.HAL_HCD_HC_Halt
                0x000000000800468c       0x46 Drivers/STM32F4xx_HAL_Driver/Src/stm32f4xx_hal_hcd.o
                0x000000000800468c                HAL_HCD_HC_Halt
 *fill*         0x00000000080046d2        0x2 
 .text.HAL_HCD_HC_SubmitRequest
                0x00000000080046d4      0x2e4 Drivers/STM32F4xx_HAL_Driver/Src/stm32f4xx_hal_hcd.o
                0x00000000080046d4                HAL_HCD_HC_SubmitRequest
 .text.HAL_HCD_IRQHandler
                0x00000000080049b8      0x208 Drivers/STM32F4xx_HAL_Driver/Src/stm32f4xx_hal_hcd.o
                0x00000000080049b8                HAL_HCD_IRQHandler
 .text.HAL_HCD_Start
                0x0000000008004bc0       0x46 Drivers/STM32F4xx_HAL_Driver/Src/stm32f4xx_hal_hcd.o
                0x0000000008004bc0                HAL_HCD_Start
 .text.HAL_HCD_Stop
                0x0000000008004c06       0x3a Drivers/STM32F4xx_HAL_Driver/Src/stm32f4xx_hal_hcd.o
                0x0000000008004c06                HAL_HCD_Stop
 .text.HAL_HCD_ResetPort
                0x0000000008004c40       0x1c Drivers/STM32F4xx_HAL_Driver/Src/stm32f4xx_hal_hcd.o
                0x0000000008004c40                HAL_HCD_ResetPort
 .text.HAL_HCD_HC_GetURBState
                0x0000000008004c5c       0x2a Drivers/STM32F4xx_HAL_Driver/Src/stm32f4xx_hal_hcd.o
                0x0000000008004c5c                HAL_HCD_HC_GetURBState
 .text.HAL_HCD_HC_GetXferCount
                0x0000000008004c86       0x2a Drivers/STM32F4xx_HAL_Driver/Src/stm32f4xx_hal_hcd.o
                0x0000000008004c86                HAL_HCD_HC_GetXferCount
 .text.HAL_HCD_GetCurrentFrame
                0x0000000008004cb0       0x1c Drivers/STM32F4xx_HAL_Driver/Src/stm32f4xx_hal_hcd.o
                0x0000000008004cb0                HAL_HCD_GetCurrentFrame
 .text.HAL_HCD_GetCurrentSpeed
                0x0000000008004ccc       0x1c Drivers/STM32F4xx_HAL_Driver/Src/stm32f4xx_hal_hcd.o
                0x0000000008004ccc                HAL_HCD_GetCurrentSpeed
 .text.HCD_HC_IN_IRQHandler
                0x0000000008004ce8      0x86a Drivers/STM32F4xx_HAL_Driver/Src/stm32f4xx_hal_hcd.o
 .text.HCD_HC_OUT_IRQHandler
                0x0000000008005552      0x6ea Drivers/STM32F4xx_HAL_Driver/Src/stm32f4xx_hal_hcd.o
 .text.HCD_RXQLVL_IRQHandler
                0x0000000008005c3c      0x158 Drivers/STM32F4xx_HAL_Driver/Src/stm32f4xx_hal_hcd.o
 .text.HCD_Port_IRQHandler
                0x0000000008005d94       0xe6 Drivers/STM32F4xx_HAL_Driver/Src/stm32f4xx_hal_hcd.o
 *fill*         0x0000000008005e7a        0x2 
 .text.HAL_I2C_Init
                0x0000000008005e7c      0x270 Drivers/STM32F4xx_HAL_Driver/Src/stm32f4xx_hal_i2c.o
                0x0000000008005e7c                HAL_I2C_Init
 .text.HAL_I2C_Master_Transmit
                0x00000000080060ec      0x1fc Drivers/STM32F4xx_HAL_Driver/Src/stm32f4xx_hal_i2c.o
                0x00000000080060ec                HAL_I2C_Master_Transmit
 .text.HAL_I2C_Master_Receive
                0x00000000080062e8      0x44c Drivers/STM32F4xx_HAL_Driver/Src/stm32f4xx_hal_i2c.o
                0x00000000080062e8                HAL_I2C_Master_Receive
 .text.I2C_MasterRequestWrite
                0x0000000008006734      0x104 Drivers/STM32F4xx_HAL_Driver/Src/stm32f4xx_hal_i2c.o
 .text.I2C_MasterRequestRead
                0x0000000008006838      0x198 Drivers/STM32F4xx_HAL_Driver/Src/stm32f4xx_hal_i2c.o
 .text.I2C_WaitOnFlagUntilTimeout
                0x00000000080069d0       0xae Drivers/STM32F4xx_HAL_Driver/Src/stm32f4xx_hal_i2c.o
 .text.I2C_WaitOnMasterAddressFlagUntilTimeout
                0x0000000008006a7e       0xfe Drivers/STM32F4xx_HAL_Driver/Src/stm32f4xx_hal_i2c.o
 .text.I2C_WaitOnTXEFlagUntilTimeout
                0x0000000008006b7c       0x82 Drivers/STM32F4xx_HAL_Driver/Src/stm32f4xx_hal_i2c.o
 .text.I2C_WaitOnBTFFlagUntilTimeout
                0x0000000008006bfe       0x82 Drivers/STM32F4xx_HAL_Driver/Src/stm32f4xx_hal_i2c.o
 .text.I2C_WaitOnRXNEFlagUntilTimeout
                0x0000000008006c80       0xac Drivers/STM32F4xx_HAL_Driver/Src/stm32f4xx_hal_i2c.o
 .text.I2C_IsAcknowledgeFailed
                0x0000000008006d2c       0x5e Drivers/STM32F4xx_HAL_Driver/Src/stm32f4xx_hal_i2c.o
 *fill*         0x0000000008006d8a        0x2 
 .text.HAL_I2S_Init
                0x0000000008006d8c      0x280 Drivers/STM32F4xx_HAL_Driver/Src/stm32f4xx_hal_i2s.o
                0x0000000008006d8c                HAL_I2S_Init
 .text.HAL_I2S_Transmit_DMA
                0x000000000800700c      0x150 Drivers/STM32F4xx_HAL_Driver/Src/stm32f4xx_hal_i2s.o
                0x000000000800700c                HAL_I2S_Transmit_DMA
 .text.HAL_I2S_DMAPause
                0x000000000800715c       0xc4 Drivers/STM32F4xx_HAL_Driver/Src/stm32f4xx_hal_i2s.o
                0x000000000800715c                HAL_I2S_DMAPause
 .text.HAL_I2S_DMAResume
                0x0000000008007220      0x128 Drivers/STM32F4xx_HAL_Driver/Src/stm32f4xx_hal_i2s.o
                0x0000000008007220                HAL_I2S_DMAResume
 .text.HAL_I2S_DMAStop
                0x0000000008007348      0x3b4 Drivers/STM32F4xx_HAL_Driver/Src/stm32f4xx_hal_i2s.o
                0x0000000008007348                HAL_I2S_DMAStop
 .text.HAL_I2S_RxCpltCallback
                0x00000000080076fc       0x14 Drivers/STM32F4xx_HAL_Driver/Src/stm32f4xx_hal_i2s.o
                0x00000000080076fc                HAL_I2S_RxCpltCallback
 .text.HAL_I2S_ErrorCallback
                0x0000000008007710       0x14 Drivers/STM32F4xx_HAL_Driver/Src/stm32f4xx_hal_i2s.o
                0x0000000008007710                HAL_I2S_ErrorCallback
 .text.I2S_DMATxCplt
                0x0000000008007724       0x42 Drivers/STM32F4xx_HAL_Driver/Src/stm32f4xx_hal_i2s.o
 .text.I2S_DMATxHalfCplt
                0x0000000008007766       0x1c Drivers/STM32F4xx_HAL_Driver/Src/stm32f4xx_hal_i2s.o
 .text.I2S_DMAError
                0x0000000008007782       0x4c Drivers/STM32F4xx_HAL_Driver/Src/stm32f4xx_hal_i2s.o
 .text.I2S_Transmit_IT
                0x00000000080077ce       0x5c Drivers/STM32F4xx_HAL_Driver/Src/stm32f4xx_hal_i2s.o
 .text.I2S_Receive_IT
                0x000000000800782a       0x5e Drivers/STM32F4xx_HAL_Driver/Src/stm32f4xx_hal_i2s.o
 .text.I2S_IRQHandler
                0x0000000008007888      0x114 Drivers/STM32F4xx_HAL_Driver/Src/stm32f4xx_hal_i2s.o
 .text.I2S_WaitFlagStateUntilTimeout
                0x000000000800799c       0x72 Drivers/STM32F4xx_HAL_Driver/Src/stm32f4xx_hal_i2s.o
 *fill*         0x0000000008007a0e        0x2 
 .text.HAL_I2SEx_FullDuplex_IRQHandler
                0x0000000008007a10      0x2a8 Drivers/STM32F4xx_HAL_Driver/Src/stm32f4xx_hal_i2s_ex.o
                0x0000000008007a10                HAL_I2SEx_FullDuplex_IRQHandler
 .text.HAL_I2SEx_TxRxCpltCallback
                0x0000000008007cb8       0x14 Drivers/STM32F4xx_HAL_Driver/Src/stm32f4xx_hal_i2s_ex.o
                0x0000000008007cb8                HAL_I2SEx_TxRxCpltCallback
 .text.I2SEx_TxISR_I2S
                0x0000000008007ccc       0x62 Drivers/STM32F4xx_HAL_Driver/Src/stm32f4xx_hal_i2s_ex.o
 *fill*         0x0000000008007d2e        0x2 
 .text.I2SEx_TxISR_I2SExt
                0x0000000008007d30       0x98 Drivers/STM32F4xx_HAL_Driver/Src/stm32f4xx_hal_i2s_ex.o
 .text.I2SEx_RxISR_I2S
                0x0000000008007dc8       0x64 Drivers/STM32F4xx_HAL_Driver/Src/stm32f4xx_hal_i2s_ex.o
 .text.I2SEx_RxISR_I2SExt
                0x0000000008007e2c       0x98 Drivers/STM32F4xx_HAL_Driver/Src/stm32f4xx_hal_i2s_ex.o
 .text.HAL_PWR_PVD_IRQHandler
                0x0000000008007ec4       0x24 Drivers/STM32F4xx_HAL_Driver/Src/stm32f4xx_hal_pwr.o
                0x0000000008007ec4                HAL_PWR_PVD_IRQHandler
 .text.HAL_PWR_PVDCallback
                0x0000000008007ee8        0xe Drivers/STM32F4xx_HAL_Driver/Src/stm32f4xx_hal_pwr.o
                0x0000000008007ee8                HAL_PWR_PVDCallback
 *fill*         0x0000000008007ef6        0x2 
 .text.HAL_RCC_OscConfig
                0x0000000008007ef8      0x4e0 Drivers/STM32F4xx_HAL_Driver/Src/stm32f4xx_hal_rcc.o
                0x0000000008007ef8                HAL_RCC_OscConfig
 .text.HAL_RCC_ClockConfig
                0x00000000080083d8      0x1cc Drivers/STM32F4xx_HAL_Driver/Src/stm32f4xx_hal_rcc.o
                0x00000000080083d8                HAL_RCC_ClockConfig
 .text.HAL_RCC_GetSysClockFreq
                0x00000000080085a4      0x1b0 Drivers/STM32F4xx_HAL_Driver/Src/stm32f4xx_hal_rcc.o
                0x00000000080085a4                HAL_RCC_GetSysClockFreq
 .text.HAL_RCC_GetHCLKFreq
                0x0000000008008754       0x18 Drivers/STM32F4xx_HAL_Driver/Src/stm32f4xx_hal_rcc.o
                0x0000000008008754                HAL_RCC_GetHCLKFreq
 .text.HAL_RCC_GetPCLK1Freq
                0x000000000800876c       0x28 Drivers/STM32F4xx_HAL_Driver/Src/stm32f4xx_hal_rcc.o
                0x000000000800876c                HAL_RCC_GetPCLK1Freq
 .text.HAL_RCCEx_PeriphCLKConfig
                0x0000000008008794      0x1c4 Drivers/STM32F4xx_HAL_Driver/Src/stm32f4xx_hal_rcc_ex.o
                0x0000000008008794                HAL_RCCEx_PeriphCLKConfig
 .text.HAL_RCCEx_GetPeriphCLKConfig
                0x0000000008008958       0x58 Drivers/STM32F4xx_HAL_Driver/Src/stm32f4xx_hal_rcc_ex.o
                0x0000000008008958                HAL_RCCEx_GetPeriphCLKConfig
 .text.HAL_RCCEx_GetPeriphCLKFreq
                0x00000000080089b0       0xb8 Drivers/STM32F4xx_HAL_Driver/Src/stm32f4xx_hal_rcc_ex.o
                0x00000000080089b0                HAL_RCCEx_GetPeriphCLKFreq
 .text.HAL_SPI_Init
                0x0000000008008a68       0xc8 Drivers/STM32F4xx_HAL_Driver/Src/stm32f4xx_hal_spi.o
                0x0000000008008a68                HAL_SPI_Init
 .text.HAL_SPI_Transmit
                0x0000000008008b30      0x268 Drivers/STM32F4xx_HAL_Driver/Src/stm32f4xx_hal_spi.o
                0x0000000008008b30                HAL_SPI_Transmit
 .text.SPI_WaitFlagStateUntilTimeout
                0x0000000008008d98       0xd4 Drivers/STM32F4xx_HAL_Driver/Src/stm32f4xx_hal_spi.o
 .text.SPI_EndRxTxTransaction
                0x0000000008008e6c       0x84 Drivers/STM32F4xx_HAL_Driver/Src/stm32f4xx_hal_spi.o
 .text.HAL_TIM_Base_Init
                0x0000000008008ef0       0x56 Drivers/STM32F4xx_HAL_Driver/Src/stm32f4xx_hal_tim.o
                0x0000000008008ef0                HAL_TIM_Base_Init
 .text.HAL_TIM_Base_Start_IT
                0x0000000008008f46       0x48 Drivers/STM32F4xx_HAL_Driver/Src/stm32f4xx_hal_tim.o
                0x0000000008008f46                HAL_TIM_Base_Start_IT
 .text.HAL_TIM_IRQHandler
                0x0000000008008f8e      0x210 Drivers/STM32F4xx_HAL_Driver/Src/stm32f4xx_hal_tim.o
                0x0000000008008f8e                HAL_TIM_IRQHandler
 .text.HAL_TIM_ConfigClockSource
                0x000000000800919e      0x16e Drivers/STM32F4xx_HAL_Driver/Src/stm32f4xx_hal_tim.o
                0x000000000800919e                HAL_TIM_ConfigClockSource
 .text.HAL_TIM_OC_DelayElapsedCallback
                0x000000000800930c       0x14 Drivers/STM32F4xx_HAL_Driver/Src/stm32f4xx_hal_tim.o
                0x000000000800930c                HAL_TIM_OC_DelayElapsedCallback
 .text.HAL_TIM_IC_CaptureCallback
                0x0000000008009320       0x14 Drivers/STM32F4xx_HAL_Driver/Src/stm32f4xx_hal_tim.o
                0x0000000008009320                HAL_TIM_IC_CaptureCallback
 .text.HAL_TIM_PWM_PulseFinishedCallback
                0x0000000008009334       0x14 Drivers/STM32F4xx_HAL_Driver/Src/stm32f4xx_hal_tim.o
                0x0000000008009334                HAL_TIM_PWM_PulseFinishedCallback
 .text.HAL_TIM_TriggerCallback
                0x0000000008009348       0x14 Drivers/STM32F4xx_HAL_Driver/Src/stm32f4xx_hal_tim.o
                0x0000000008009348                HAL_TIM_TriggerCallback
 .text.TIM_Base_SetConfig
                0x000000000800935c      0x140 Drivers/STM32F4xx_HAL_Driver/Src/stm32f4xx_hal_tim.o
                0x000000000800935c                TIM_Base_SetConfig
 .text.TIM_TI1_ConfigInputStage
                0x000000000800949c       0x5e Drivers/STM32F4xx_HAL_Driver/Src/stm32f4xx_hal_tim.o
 .text.TIM_TI2_ConfigInputStage
                0x00000000080094fa       0x60 Drivers/STM32F4xx_HAL_Driver/Src/stm32f4xx_hal_tim.o
 .text.TIM_ITRx_SetConfig
                0x000000000800955a       0x36 Drivers/STM32F4xx_HAL_Driver/Src/stm32f4xx_hal_tim.o
 .text.TIM_ETR_SetConfig
                0x0000000008009590       0x40 Drivers/STM32F4xx_HAL_Driver/Src/stm32f4xx_hal_tim.o
                0x0000000008009590                TIM_ETR_SetConfig
 .text.HAL_TIMEx_MasterConfigSynchronization
                0x00000000080095d0       0xf8 Drivers/STM32F4xx_HAL_Driver/Src/stm32f4xx_hal_tim_ex.o
                0x00000000080095d0                HAL_TIMEx_MasterConfigSynchronization
 .text.HAL_TIMEx_CommutCallback
                0x00000000080096c8       0x14 Drivers/STM32F4xx_HAL_Driver/Src/stm32f4xx_hal_tim_ex.o
                0x00000000080096c8                HAL_TIMEx_CommutCallback
 .text.HAL_TIMEx_BreakCallback
                0x00000000080096dc       0x14 Drivers/STM32F4xx_HAL_Driver/Src/stm32f4xx_hal_tim_ex.o
                0x00000000080096dc                HAL_TIMEx_BreakCallback
 .text.USB_CoreInit
                0x00000000080096f0       0xc2 Drivers/STM32F4xx_HAL_Driver/Src/stm32f4xx_ll_usb.o
                0x00000000080096f0                USB_CoreInit
 .text.USB_EnableGlobalInt
                0x00000000080097b2       0x22 Drivers/STM32F4xx_HAL_Driver/Src/stm32f4xx_ll_usb.o
                0x00000000080097b2                USB_EnableGlobalInt
 .text.USB_DisableGlobalInt
                0x00000000080097d4       0x22 Drivers/STM32F4xx_HAL_Driver/Src/stm32f4xx_ll_usb.o
                0x00000000080097d4                USB_DisableGlobalInt
 .text.USB_SetCurrentMode
                0x00000000080097f6       0x54 Drivers/STM32F4xx_HAL_Driver/Src/stm32f4xx_ll_usb.o
                0x00000000080097f6                USB_SetCurrentMode
 *fill*         0x000000000800984a        0x2 
 .text.USB_FlushTxFifo
                0x000000000800984c       0x4c Drivers/STM32F4xx_HAL_Driver/Src/stm32f4xx_ll_usb.o
                0x000000000800984c                USB_FlushTxFifo
 .text.USB_FlushRxFifo
                0x0000000008009898       0x44 Drivers/STM32F4xx_HAL_Driver/Src/stm32f4xx_ll_usb.o
                0x0000000008009898                USB_FlushRxFifo
 .text.USB_WritePacket
                0x00000000080098dc       0x6a Drivers/STM32F4xx_HAL_Driver/Src/stm32f4xx_ll_usb.o
                0x00000000080098dc                USB_WritePacket
 .text.USB_ReadPacket
                0x0000000008009946       0x52 Drivers/STM32F4xx_HAL_Driver/Src/stm32f4xx_ll_usb.o
                0x0000000008009946                USB_ReadPacket
 .text.USB_ReadInterrupts
                0x0000000008009998       0x26 Drivers/STM32F4xx_HAL_Driver/Src/stm32f4xx_ll_usb.o
                0x0000000008009998                USB_ReadInterrupts
 .text.USB_GetMode
                0x00000000080099be       0x1c Drivers/STM32F4xx_HAL_Driver/Src/stm32f4xx_ll_usb.o
                0x00000000080099be                USB_GetMode
 *fill*         0x00000000080099da        0x2 
 .text.USB_CoreReset
                0x00000000080099dc       0x68 Drivers/STM32F4xx_HAL_Driver/Src/stm32f4xx_ll_usb.o
 .text.USB_HostInit
                0x0000000008009a44      0x178 Drivers/STM32F4xx_HAL_Driver/Src/stm32f4xx_ll_usb.o
                0x0000000008009a44                USB_HostInit
 .text.USB_InitFSLSPClkSel
                0x0000000008009bbc       0x74 Drivers/STM32F4xx_HAL_Driver/Src/stm32f4xx_ll_usb.o
                0x0000000008009bbc                USB_InitFSLSPClkSel
 .text.USB_ResetPort
                0x0000000008009c30       0x54 Drivers/STM32F4xx_HAL_Driver/Src/stm32f4xx_ll_usb.o
                0x0000000008009c30                USB_ResetPort
 .text.USB_DriveVbus
                0x0000000008009c84       0x72 Drivers/STM32F4xx_HAL_Driver/Src/stm32f4xx_ll_usb.o
                0x0000000008009c84                USB_DriveVbus
 .text.USB_GetHostSpeed
                0x0000000008009cf6       0x2e Drivers/STM32F4xx_HAL_Driver/Src/stm32f4xx_ll_usb.o
                0x0000000008009cf6                USB_GetHostSpeed
 .text.USB_GetCurrentFrame
                0x0000000008009d24       0x22 Drivers/STM32F4xx_HAL_Driver/Src/stm32f4xx_ll_usb.o
                0x0000000008009d24                USB_GetCurrentFrame
 *fill*         0x0000000008009d46        0x2 
 .text.USB_HC_Init
                0x0000000008009d48      0x214 Drivers/STM32F4xx_HAL_Driver/Src/stm32f4xx_ll_usb.o
                0x0000000008009d48                USB_HC_Init
 .text.USB_HC_StartXfer
                0x0000000008009f5c      0x288 Drivers/STM32F4xx_HAL_Driver/Src/stm32f4xx_ll_usb.o
                0x0000000008009f5c                USB_HC_StartXfer
 .text.USB_HC_ReadInterrupt
                0x000000000800a1e4       0x22 Drivers/STM32F4xx_HAL_Driver/Src/stm32f4xx_ll_usb.o
                0x000000000800a1e4                USB_HC_ReadInterrupt
 .text.USB_HC_Halt
                0x000000000800a206      0x1fe Drivers/STM32F4xx_HAL_Driver/Src/stm32f4xx_ll_usb.o
                0x000000000800a206                USB_HC_Halt
 .text.USB_DoPing
                0x000000000800a404       0x78 Drivers/STM32F4xx_HAL_Driver/Src/stm32f4xx_ll_usb.o
                0x000000000800a404                USB_DoPing
 .text.USB_StopHost
                0x000000000800a47c      0x10c Drivers/STM32F4xx_HAL_Driver/Src/stm32f4xx_ll_usb.o
                0x000000000800a47c                USB_StopHost
 .text.MX_FATFS_Init
                0x000000000800a588       0x24 FATFS/App/fatfs.o
                0x000000000800a588                MX_FATFS_Init
 .text.get_fattime
                0x000000000800a5ac       0x10 FATFS/App/fatfs.o
                0x000000000800a5ac                get_fattime
 .text.USBH_initialize
                0x000000000800a5bc       0x18 FATFS/Target/usbh_diskio.o
                0x000000000800a5bc                USBH_initialize
 .text.USBH_status
                0x000000000800a5d4       0x38 FATFS/Target/usbh_diskio.o
                0x000000000800a5d4                USBH_status
 .text.USBH_read
                0x000000000800a60c       0x70 FATFS/Target/usbh_diskio.o
                0x000000000800a60c                USBH_read
 .text.USBH_write
                0x000000000800a67c       0x84 FATFS/Target/usbh_diskio.o
                0x000000000800a67c                USBH_write
 .text.USBH_ioctl
                0x000000000800a700       0xd8 FATFS/Target/usbh_diskio.o
                0x000000000800a700                USBH_ioctl
 .text.USBH_MSC_InterfaceInit
                0x000000000800a7d8      0x216 Middlewares/ST/STM32_USB_Host_Library/Class/MSC/Src/usbh_msc.o
 .text.USBH_MSC_InterfaceDeInit
                0x000000000800a9ee       0x8c Middlewares/ST/STM32_USB_Host_Library/Class/MSC/Src/usbh_msc.o
 .text.USBH_MSC_ClassRequest
                0x000000000800aa7a       0xc8 Middlewares/ST/STM32_USB_Host_Library/Class/MSC/Src/usbh_msc.o
 *fill*         0x000000000800ab42        0x2 
 .text.USBH_MSC_Process
                0x000000000800ab44      0x520 Middlewares/ST/STM32_USB_Host_Library/Class/MSC/Src/usbh_msc.o
 .text.USBH_MSC_SOFProcess
                0x000000000800b064       0x16 Middlewares/ST/STM32_USB_Host_Library/Class/MSC/Src/usbh_msc.o
 .text.USBH_MSC_RdWrProcess
                0x000000000800b07a      0x194 Middlewares/ST/STM32_USB_Host_Library/Class/MSC/Src/usbh_msc.o
 .text.USBH_MSC_UnitIsReady
                0x000000000800b20e       0x4c Middlewares/ST/STM32_USB_Host_Library/Class/MSC/Src/usbh_msc.o
                0x000000000800b20e                USBH_MSC_UnitIsReady
 .text.USBH_MSC_GetLUNInfo
                0x000000000800b25a       0x48 Middlewares/ST/STM32_USB_Host_Library/Class/MSC/Src/usbh_msc.o
                0x000000000800b25a                USBH_MSC_GetLUNInfo
 .text.USBH_MSC_Read
                0x000000000800b2a2       0xd2 Middlewares/ST/STM32_USB_Host_Library/Class/MSC/Src/usbh_msc.o
                0x000000000800b2a2                USBH_MSC_Read
 .text.USBH_MSC_Write
                0x000000000800b374       0xd2 Middlewares/ST/STM32_USB_Host_Library/Class/MSC/Src/usbh_msc.o
                0x000000000800b374                USBH_MSC_Write
 .text.USBH_MSC_BOT_REQ_Reset
                0x000000000800b446       0x3a Middlewares/ST/STM32_USB_Host_Library/Class/MSC/Src/usbh_msc_bot.o
                0x000000000800b446                USBH_MSC_BOT_REQ_Reset
 .text.USBH_MSC_BOT_REQ_GetMaxLUN
                0x000000000800b480       0x3c Middlewares/ST/STM32_USB_Host_Library/Class/MSC/Src/usbh_msc_bot.o
                0x000000000800b480                USBH_MSC_BOT_REQ_GetMaxLUN
 .text.USBH_MSC_BOT_Init
                0x000000000800b4bc       0x44 Middlewares/ST/STM32_USB_Host_Library/Class/MSC/Src/usbh_msc_bot.o
                0x000000000800b4bc                USBH_MSC_BOT_Init
 .text.USBH_MSC_BOT_Process
                0x000000000800b500      0x3a4 Middlewares/ST/STM32_USB_Host_Library/Class/MSC/Src/usbh_msc_bot.o
                0x000000000800b500                USBH_MSC_BOT_Process
 .text.USBH_MSC_BOT_Abort
                0x000000000800b8a4       0x58 Middlewares/ST/STM32_USB_Host_Library/Class/MSC/Src/usbh_msc_bot.o
 .text.USBH_MSC_DecodeCSW
                0x000000000800b8fc       0x88 Middlewares/ST/STM32_USB_Host_Library/Class/MSC/Src/usbh_msc_bot.o
 .text.USBH_MSC_SCSI_TestUnitReady
                0x000000000800b984       0x86 Middlewares/ST/STM32_USB_Host_Library/Class/MSC/Src/usbh_msc_scsi.o
                0x000000000800b984                USBH_MSC_SCSI_TestUnitReady
 .text.USBH_MSC_SCSI_ReadCapacity
                0x000000000800ba0a       0xf6 Middlewares/ST/STM32_USB_Host_Library/Class/MSC/Src/usbh_msc_scsi.o
                0x000000000800ba0a                USBH_MSC_SCSI_ReadCapacity
 .text.USBH_MSC_SCSI_Inquiry
                0x000000000800bb00      0x14a Middlewares/ST/STM32_USB_Host_Library/Class/MSC/Src/usbh_msc_scsi.o
                0x000000000800bb00                USBH_MSC_SCSI_Inquiry
 .text.USBH_MSC_SCSI_RequestSense
                0x000000000800bc4a       0xf2 Middlewares/ST/STM32_USB_Host_Library/Class/MSC/Src/usbh_msc_scsi.o
                0x000000000800bc4a                USBH_MSC_SCSI_RequestSense
 .text.USBH_MSC_SCSI_Write
                0x000000000800bd3c       0xd6 Middlewares/ST/STM32_USB_Host_Library/Class/MSC/Src/usbh_msc_scsi.o
                0x000000000800bd3c                USBH_MSC_SCSI_Write
 .text.USBH_MSC_SCSI_Read
                0x000000000800be12       0xd6 Middlewares/ST/STM32_USB_Host_Library/Class/MSC/Src/usbh_msc_scsi.o
                0x000000000800be12                USBH_MSC_SCSI_Read
 .text.USBH_Init
                0x000000000800bee8       0x74 Middlewares/ST/STM32_USB_Host_Library/Core/Src/usbh_core.o
                0x000000000800bee8                USBH_Init
 .text.DeInitStateMachine
                0x000000000800bf5c       0xa8 Middlewares/ST/STM32_USB_Host_Library/Core/Src/usbh_core.o
 .text.USBH_RegisterClass
                0x000000000800c004       0x54 Middlewares/ST/STM32_USB_Host_Library/Core/Src/usbh_core.o
                0x000000000800c004                USBH_RegisterClass
 .text.USBH_SelectInterface
                0x000000000800c058       0x38 Middlewares/ST/STM32_USB_Host_Library/Core/Src/usbh_core.o
                0x000000000800c058                USBH_SelectInterface
 .text.USBH_FindInterface
                0x000000000800c090       0x8c Middlewares/ST/STM32_USB_Host_Library/Core/Src/usbh_core.o
                0x000000000800c090                USBH_FindInterface
 .text.USBH_Start
                0x000000000800c11c       0x20 Middlewares/ST/STM32_USB_Host_Library/Core/Src/usbh_core.o
                0x000000000800c11c                USBH_Start
 .text.USBH_Process
                0x000000000800c13c      0x3c0 Middlewares/ST/STM32_USB_Host_Library/Core/Src/usbh_core.o
                0x000000000800c13c                USBH_Process
 .text.USBH_HandleEnum
                0x000000000800c4fc      0x3c8 Middlewares/ST/STM32_USB_Host_Library/Core/Src/usbh_core.o
 .text.USBH_LL_SetTimer
                0x000000000800c8c4       0x1e Middlewares/ST/STM32_USB_Host_Library/Core/Src/usbh_core.o
                0x000000000800c8c4                USBH_LL_SetTimer
 .text.USBH_LL_IncTimer
                0x000000000800c8e2       0x24 Middlewares/ST/STM32_USB_Host_Library/Core/Src/usbh_core.o
                0x000000000800c8e2                USBH_LL_IncTimer
 .text.USBH_HandleSof
                0x000000000800c906       0x30 Middlewares/ST/STM32_USB_Host_Library/Core/Src/usbh_core.o
 .text.USBH_LL_PortEnabled
                0x000000000800c936       0x1c Middlewares/ST/STM32_USB_Host_Library/Core/Src/usbh_core.o
                0x000000000800c936                USBH_LL_PortEnabled
 .text.USBH_LL_PortDisabled
                0x000000000800c952       0x1c Middlewares/ST/STM32_USB_Host_Library/Core/Src/usbh_core.o
                0x000000000800c952                USBH_LL_PortDisabled
 .text.USBH_LL_Connect
                0x000000000800c96e       0x2e Middlewares/ST/STM32_USB_Host_Library/Core/Src/usbh_core.o
                0x000000000800c96e                USBH_LL_Connect
 .text.USBH_LL_Disconnect
                0x000000000800c99c       0x48 Middlewares/ST/STM32_USB_Host_Library/Core/Src/usbh_core.o
                0x000000000800c99c                USBH_LL_Disconnect
 .text.USBH_Get_DevDesc
                0x000000000800c9e4       0x50 Middlewares/ST/STM32_USB_Host_Library/Core/Src/usbh_ctlreq.o
                0x000000000800c9e4                USBH_Get_DevDesc
 .text.USBH_Get_CfgDesc
                0x000000000800ca34       0x48 Middlewares/ST/STM32_USB_Host_Library/Core/Src/usbh_ctlreq.o
                0x000000000800ca34                USBH_Get_CfgDesc
 .text.USBH_Get_StringDesc
                0x000000000800ca7c       0x56 Middlewares/ST/STM32_USB_Host_Library/Core/Src/usbh_ctlreq.o
                0x000000000800ca7c                USBH_Get_StringDesc
 .text.USBH_GetDescriptor
                0x000000000800cad2       0x6a Middlewares/ST/STM32_USB_Host_Library/Core/Src/usbh_ctlreq.o
                0x000000000800cad2                USBH_GetDescriptor
 .text.USBH_SetAddress
                0x000000000800cb3c       0x48 Middlewares/ST/STM32_USB_Host_Library/Core/Src/usbh_ctlreq.o
                0x000000000800cb3c                USBH_SetAddress
 .text.USBH_SetCfg
                0x000000000800cb84       0x46 Middlewares/ST/STM32_USB_Host_Library/Core/Src/usbh_ctlreq.o
                0x000000000800cb84                USBH_SetCfg
 .text.USBH_SetFeature
                0x000000000800cbca       0x48 Middlewares/ST/STM32_USB_Host_Library/Core/Src/usbh_ctlreq.o
                0x000000000800cbca                USBH_SetFeature
 .text.USBH_ClrFeature
                0x000000000800cc12       0x48 Middlewares/ST/STM32_USB_Host_Library/Core/Src/usbh_ctlreq.o
                0x000000000800cc12                USBH_ClrFeature
 .text.USBH_ParseDevDesc
                0x000000000800cc5a       0xe0 Middlewares/ST/STM32_USB_Host_Library/Core/Src/usbh_ctlreq.o
 .text.USBH_ParseCfgDesc
                0x000000000800cd3a      0x144 Middlewares/ST/STM32_USB_Host_Library/Core/Src/usbh_ctlreq.o
 .text.USBH_ParseInterfaceDesc
                0x000000000800ce7e       0x5e Middlewares/ST/STM32_USB_Host_Library/Core/Src/usbh_ctlreq.o
 .text.USBH_ParseEPDesc
                0x000000000800cedc       0x5a Middlewares/ST/STM32_USB_Host_Library/Core/Src/usbh_ctlreq.o
 .text.USBH_ParseStringDesc
                0x000000000800cf36       0x66 Middlewares/ST/STM32_USB_Host_Library/Core/Src/usbh_ctlreq.o
 .text.USBH_GetNextDesc
                0x000000000800cf9c       0x36 Middlewares/ST/STM32_USB_Host_Library/Core/Src/usbh_ctlreq.o
                0x000000000800cf9c                USBH_GetNextDesc
 .text.USBH_CtlReq
                0x000000000800cfd2       0x7a Middlewares/ST/STM32_USB_Host_Library/Core/Src/usbh_ctlreq.o
                0x000000000800cfd2                USBH_CtlReq
 .text.USBH_HandleControl
                0x000000000800d04c      0x2ec Middlewares/ST/STM32_USB_Host_Library/Core/Src/usbh_ctlreq.o
 .text.USBH_CtlSendSetup
                0x000000000800d338       0x34 Middlewares/ST/STM32_USB_Host_Library/Core/Src/usbh_ioreq.o
                0x000000000800d338                USBH_CtlSendSetup
 .text.USBH_CtlSendData
                0x000000000800d36c       0x4a Middlewares/ST/STM32_USB_Host_Library/Core/Src/usbh_ioreq.o
                0x000000000800d36c                USBH_CtlSendData
 .text.USBH_CtlReceiveData
                0x000000000800d3b6       0x3c Middlewares/ST/STM32_USB_Host_Library/Core/Src/usbh_ioreq.o
                0x000000000800d3b6                USBH_CtlReceiveData
 .text.USBH_BulkSendData
                0x000000000800d3f2       0x4a Middlewares/ST/STM32_USB_Host_Library/Core/Src/usbh_ioreq.o
                0x000000000800d3f2                USBH_BulkSendData
 .text.USBH_BulkReceiveData
                0x000000000800d43c       0x3c Middlewares/ST/STM32_USB_Host_Library/Core/Src/usbh_ioreq.o
                0x000000000800d43c                USBH_BulkReceiveData
 .text.USBH_OpenPipe
                0x000000000800d478       0x3e Middlewares/ST/STM32_USB_Host_Library/Core/Src/usbh_pipes.o
                0x000000000800d478                USBH_OpenPipe
 .text.USBH_ClosePipe
                0x000000000800d4b6       0x20 Middlewares/ST/STM32_USB_Host_Library/Core/Src/usbh_pipes.o
                0x000000000800d4b6                USBH_ClosePipe
 .text.USBH_AllocPipe
                0x000000000800d4d6       0x42 Middlewares/ST/STM32_USB_Host_Library/Core/Src/usbh_pipes.o
                0x000000000800d4d6                USBH_AllocPipe
 .text.USBH_FreePipe
                0x000000000800d518       0x3c Middlewares/ST/STM32_USB_Host_Library/Core/Src/usbh_pipes.o
                0x000000000800d518                USBH_FreePipe
 .text.USBH_GetFreePipe
                0x000000000800d554       0x48 Middlewares/ST/STM32_USB_Host_Library/Core/Src/usbh_pipes.o
 .text.disk_status
                0x000000000800d59c       0x34 Middlewares/Third_Party/FatFs/src/diskio.o
                0x000000000800d59c                disk_status
 .text.disk_initialize
                0x000000000800d5d0       0x4c Middlewares/Third_Party/FatFs/src/diskio.o
                0x000000000800d5d0                disk_initialize
 .text.disk_read
                0x000000000800d61c       0x40 Middlewares/Third_Party/FatFs/src/diskio.o
                0x000000000800d61c                disk_read
 .text.disk_write
                0x000000000800d65c       0x40 Middlewares/Third_Party/FatFs/src/diskio.o
                0x000000000800d65c                disk_write
 .text.disk_ioctl
                0x000000000800d69c       0x3c Middlewares/Third_Party/FatFs/src/diskio.o
                0x000000000800d69c                disk_ioctl
 .text.ld_word  0x000000000800d6d8       0x30 Middlewares/Third_Party/FatFs/src/ff.o
 .text.ld_dword
                0x000000000800d708       0x46 Middlewares/Third_Party/FatFs/src/ff.o
 .text.st_word  0x000000000800d74e       0x36 Middlewares/Third_Party/FatFs/src/ff.o
 .text.st_dword
                0x000000000800d784       0x58 Middlewares/Third_Party/FatFs/src/ff.o
 .text.mem_cpy  0x000000000800d7dc       0x42 Middlewares/Third_Party/FatFs/src/ff.o
 .text.mem_set  0x000000000800d81e       0x34 Middlewares/Third_Party/FatFs/src/ff.o
 .text.mem_cmp  0x000000000800d852       0x4e Middlewares/Third_Party/FatFs/src/ff.o
 .text.chk_chr  0x000000000800d8a0       0x36 Middlewares/Third_Party/FatFs/src/ff.o
 *fill*         0x000000000800d8d6        0x2 
 .text.chk_lock
                0x000000000800d8d8       0xb8 Middlewares/Third_Party/FatFs/src/ff.o
 .text.enq_lock
                0x000000000800d990       0x44 Middlewares/Third_Party/FatFs/src/ff.o
 .text.inc_lock
                0x000000000800d9d4      0x11c Middlewares/Third_Party/FatFs/src/ff.o
 .text.dec_lock
                0x000000000800daf0       0x78 Middlewares/Third_Party/FatFs/src/ff.o
 .text.clear_lock
                0x000000000800db68       0x48 Middlewares/Third_Party/FatFs/src/ff.o
 .text.sync_window
                0x000000000800dbb0       0x88 Middlewares/Third_Party/FatFs/src/ff.o
 .text.move_window
                0x000000000800dc38       0x5a Middlewares/Third_Party/FatFs/src/ff.o
 *fill*         0x000000000800dc92        0x2 
 .text.sync_fs  0x000000000800dc94       0xdc Middlewares/Third_Party/FatFs/src/ff.o
 .text.clust2sect
                0x000000000800dd70       0x3e Middlewares/Third_Party/FatFs/src/ff.o
 .text.get_fat  0x000000000800ddae      0x14a Middlewares/Third_Party/FatFs/src/ff.o
 .text.put_fat  0x000000000800def8      0x1ce Middlewares/Third_Party/FatFs/src/ff.o
 .text.remove_chain
                0x000000000800e0c6       0xca Middlewares/Third_Party/FatFs/src/ff.o
 .text.create_chain
                0x000000000800e190      0x130 Middlewares/Third_Party/FatFs/src/ff.o
 .text.clmt_clust
                0x000000000800e2c0       0x68 Middlewares/Third_Party/FatFs/src/ff.o
 .text.dir_sdi  0x000000000800e328       0xf6 Middlewares/Third_Party/FatFs/src/ff.o
 .text.dir_next
                0x000000000800e41e      0x18a Middlewares/Third_Party/FatFs/src/ff.o
 .text.dir_alloc
                0x000000000800e5a8       0x8e Middlewares/Third_Party/FatFs/src/ff.o
 .text.ld_clust
                0x000000000800e636       0x3e Middlewares/Third_Party/FatFs/src/ff.o
 .text.st_clust
                0x000000000800e674       0x40 Middlewares/Third_Party/FatFs/src/ff.o
 .text.dir_find
                0x000000000800e6b4       0xaa Middlewares/Third_Party/FatFs/src/ff.o
 .text.dir_register
                0x000000000800e75e       0x64 Middlewares/Third_Party/FatFs/src/ff.o
 *fill*         0x000000000800e7c2        0x2 
 .text.create_name
                0x000000000800e7c4      0x128 Middlewares/Third_Party/FatFs/src/ff.o
 .text.follow_path
                0x000000000800e8ec       0xe2 Middlewares/Third_Party/FatFs/src/ff.o
 .text.get_ldnumber
                0x000000000800e9ce       0x88 Middlewares/Third_Party/FatFs/src/ff.o
 *fill*         0x000000000800ea56        0x2 
 .text.check_fs
                0x000000000800ea58       0xac Middlewares/Third_Party/FatFs/src/ff.o
 .text.find_volume
                0x000000000800eb04      0x498 Middlewares/Third_Party/FatFs/src/ff.o
 .text.validate
                0x000000000800ef9c       0x6a Middlewares/Third_Party/FatFs/src/ff.o
 *fill*         0x000000000800f006        0x2 
 .text.f_mount  0x000000000800f008       0x8c Middlewares/Third_Party/FatFs/src/ff.o
                0x000000000800f008                f_mount
 .text.f_open   0x000000000800f094      0x37c Middlewares/Third_Party/FatFs/src/ff.o
                0x000000000800f094                f_open
 .text.f_read   0x000000000800f410      0x27e Middlewares/Third_Party/FatFs/src/ff.o
                0x000000000800f410                f_read
 .text.f_sync   0x000000000800f68e       0xfc Middlewares/Third_Party/FatFs/src/ff.o
                0x000000000800f68e                f_sync
 .text.f_close  0x000000000800f78a       0x54 Middlewares/Third_Party/FatFs/src/ff.o
                0x000000000800f78a                f_close
 .text.f_lseek  0x000000000800f7de      0x412 Middlewares/Third_Party/FatFs/src/ff.o
                0x000000000800f7de                f_lseek
 .text.FATFS_LinkDriverEx
                0x000000000800fbf0       0x98 Middlewares/Third_Party/FatFs/src/ff_gen_drv.o
                0x000000000800fbf0                FATFS_LinkDriverEx
 .text.FATFS_LinkDriver
                0x000000000800fc88       0x1e Middlewares/Third_Party/FatFs/src/ff_gen_drv.o
                0x000000000800fc88                FATFS_LinkDriver
 *fill*         0x000000000800fca6        0x2 
 .text.MX_USB_HOST_Init
                0x000000000800fca8       0x4c USB_HOST/App/usb_host.o
                0x000000000800fca8                MX_USB_HOST_Init
 .text.MX_USB_HOST_Process
                0x000000000800fcf4       0x14 USB_HOST/App/usb_host.o
                0x000000000800fcf4                MX_USB_HOST_Process
 .text.USBH_UserProcess
                0x000000000800fd08       0x5c USB_HOST/App/usb_host.o
 .text.HAL_HCD_MspInit
                0x000000000800fd64       0xc4 USB_HOST/Target/usbh_conf.o
                0x000000000800fd64                HAL_HCD_MspInit
 .text.HAL_HCD_SOF_Callback
                0x000000000800fe28       0x1c USB_HOST/Target/usbh_conf.o
                0x000000000800fe28                HAL_HCD_SOF_Callback
 .text.HAL_HCD_Connect_Callback
                0x000000000800fe44       0x1c USB_HOST/Target/usbh_conf.o
                0x000000000800fe44                HAL_HCD_Connect_Callback
 .text.HAL_HCD_Disconnect_Callback
                0x000000000800fe60       0x1c USB_HOST/Target/usbh_conf.o
                0x000000000800fe60                HAL_HCD_Disconnect_Callback
 .text.HAL_HCD_HC_NotifyURBChange_Callback
                0x000000000800fe7c       0x1c USB_HOST/Target/usbh_conf.o
                0x000000000800fe7c                HAL_HCD_HC_NotifyURBChange_Callback
 .text.HAL_HCD_PortEnabled_Callback
                0x000000000800fe98       0x1c USB_HOST/Target/usbh_conf.o
                0x000000000800fe98                HAL_HCD_PortEnabled_Callback
 .text.HAL_HCD_PortDisabled_Callback
                0x000000000800feb4       0x1c USB_HOST/Target/usbh_conf.o
                0x000000000800feb4                HAL_HCD_PortDisabled_Callback
 .text.USBH_LL_Init
                0x000000000800fed0       0x78 USB_HOST/Target/usbh_conf.o
                0x000000000800fed0                USBH_LL_Init
 .text.USBH_LL_Start
                0x000000000800ff48       0x36 USB_HOST/Target/usbh_conf.o
                0x000000000800ff48                USBH_LL_Start
 .text.USBH_LL_Stop
                0x000000000800ff7e       0x36 USB_HOST/Target/usbh_conf.o
                0x000000000800ff7e                USBH_LL_Stop
 .text.USBH_LL_GetSpeed
                0x000000000800ffb4       0x4a USB_HOST/Target/usbh_conf.o
                0x000000000800ffb4                USBH_LL_GetSpeed
 .text.USBH_LL_ResetPort
                0x000000000800fffe       0x36 USB_HOST/Target/usbh_conf.o
                0x000000000800fffe                USBH_LL_ResetPort
 .text.USBH_LL_GetLastXferSize
                0x0000000008010034       0x26 USB_HOST/Target/usbh_conf.o
                0x0000000008010034                USBH_LL_GetLastXferSize
 .text.USBH_LL_OpenPipe
                0x000000000801005a       0x5e USB_HOST/Target/usbh_conf.o
                0x000000000801005a                USBH_LL_OpenPipe
 .text.USBH_LL_ClosePipe
                0x00000000080100b8       0x3e USB_HOST/Target/usbh_conf.o
                0x00000000080100b8                USBH_LL_ClosePipe
 .text.USBH_LL_SubmitURB
                0x00000000080100f6       0x62 USB_HOST/Target/usbh_conf.o
                0x00000000080100f6                USBH_LL_SubmitURB
 .text.USBH_LL_GetURBState
                0x0000000008010158       0x26 USB_HOST/Target/usbh_conf.o
                0x0000000008010158                USBH_LL_GetURBState
 .text.USBH_LL_DriverVBUS
                0x000000000801017e       0x1c USB_HOST/Target/usbh_conf.o
                0x000000000801017e                USBH_LL_DriverVBUS
 .text.USBH_LL_SetToggle
                0x000000000801019a       0x66 USB_HOST/Target/usbh_conf.o
                0x000000000801019a                USBH_LL_SetToggle
 .text.USBH_LL_GetToggle
                0x0000000008010200       0x66 USB_HOST/Target/usbh_conf.o
                0x0000000008010200                USBH_LL_GetToggle
 .text.USBH_Delay
                0x0000000008010266       0x16 USB_HOST/Target/usbh_conf.o
                0x0000000008010266                USBH_Delay
 .text.USBH_Get_USB_Status
                0x000000000801027c       0x58 USB_HOST/Target/usbh_conf.o
                0x000000000801027c                USBH_Get_USB_Status
 .text.__errno  0x00000000080102d4        0xc c:/st/stm32cubeide_1.3.0/stm32cubeide/plugins/com.st.stm32cube.ide.mcu.externaltools.gnu-tools-for-stm32.7-2018-q2-update.win32_1.0.0.201904181610/tools/bin/../lib/gcc/arm-none-eabi/7.3.1/../../../../arm-none-eabi/lib/thumb/v7e-m/fpv4-sp/hard\libc_nano.a(lib_a-errno.o)
                0x00000000080102d4                __errno
 .text.__libc_init_array
                0x00000000080102e0       0x48 c:/st/stm32cubeide_1.3.0/stm32cubeide/plugins/com.st.stm32cube.ide.mcu.externaltools.gnu-tools-for-stm32.7-2018-q2-update.win32_1.0.0.201904181610/tools/bin/../lib/gcc/arm-none-eabi/7.3.1/../../../../arm-none-eabi/lib/thumb/v7e-m/fpv4-sp/hard\libc_nano.a(lib_a-init.o)
                0x00000000080102e0                __libc_init_array
 .text.malloc   0x0000000008010328       0x10 c:/st/stm32cubeide_1.3.0/stm32cubeide/plugins/com.st.stm32cube.ide.mcu.externaltools.gnu-tools-for-stm32.7-2018-q2-update.win32_1.0.0.201904181610/tools/bin/../lib/gcc/arm-none-eabi/7.3.1/../../../../arm-none-eabi/lib/thumb/v7e-m/fpv4-sp/hard\libc_nano.a(lib_a-malloc.o)
                0x0000000008010328                malloc
 .text.free     0x0000000008010338       0x10 c:/st/stm32cubeide_1.3.0/stm32cubeide/plugins/com.st.stm32cube.ide.mcu.externaltools.gnu-tools-for-stm32.7-2018-q2-update.win32_1.0.0.201904181610/tools/bin/../lib/gcc/arm-none-eabi/7.3.1/../../../../arm-none-eabi/lib/thumb/v7e-m/fpv4-sp/hard\libc_nano.a(lib_a-malloc.o)
                0x0000000008010338                free
 .text.memcpy   0x0000000008010348       0x16 c:/st/stm32cubeide_1.3.0/stm32cubeide/plugins/com.st.stm32cube.ide.mcu.externaltools.gnu-tools-for-stm32.7-2018-q2-update.win32_1.0.0.201904181610/tools/bin/../lib/gcc/arm-none-eabi/7.3.1/../../../../arm-none-eabi/lib/thumb/v7e-m/fpv4-sp/hard\libc_nano.a(lib_a-memcpy-stub.o)
                0x0000000008010348                memcpy
 .text.memset   0x000000000801035e       0x10 c:/st/stm32cubeide_1.3.0/stm32cubeide/plugins/com.st.stm32cube.ide.mcu.externaltools.gnu-tools-for-stm32.7-2018-q2-update.win32_1.0.0.201904181610/tools/bin/../lib/gcc/arm-none-eabi/7.3.1/../../../../arm-none-eabi/lib/thumb/v7e-m/fpv4-sp/hard\libc_nano.a(lib_a-memset.o)
                0x000000000801035e                memset
 *fill*         0x000000000801036e        0x2 
 .text._free_r  0x0000000008010370       0x9c c:/st/stm32cubeide_1.3.0/stm32cubeide/plugins/com.st.stm32cube.ide.mcu.externaltools.gnu-tools-for-stm32.7-2018-q2-update.win32_1.0.0.201904181610/tools/bin/../lib/gcc/arm-none-eabi/7.3.1/../../../../arm-none-eabi/lib/thumb/v7e-m/fpv4-sp/hard\libc_nano.a(lib_a-nano-freer.o)
                0x0000000008010370                _free_r
 .text._malloc_r
                0x000000000801040c       0xb4 c:/st/stm32cubeide_1.3.0/stm32cubeide/plugins/com.st.stm32cube.ide.mcu.externaltools.gnu-tools-for-stm32.7-2018-q2-update.win32_1.0.0.201904181610/tools/bin/../lib/gcc/arm-none-eabi/7.3.1/../../../../arm-none-eabi/lib/thumb/v7e-m/fpv4-sp/hard\libc_nano.a(lib_a-nano-mallocr.o)
                0x000000000801040c                _malloc_r
 .text._sbrk_r  0x00000000080104c0       0x20 c:/st/stm32cubeide_1.3.0/stm32cubeide/plugins/com.st.stm32cube.ide.mcu.externaltools.gnu-tools-for-stm32.7-2018-q2-update.win32_1.0.0.201904181610/tools/bin/../lib/gcc/arm-none-eabi/7.3.1/../../../../arm-none-eabi/lib/thumb/v7e-m/fpv4-sp/hard\libc_nano.a(lib_a-sbrkr.o)
                0x00000000080104c0                _sbrk_r
 .text.sprintf  0x00000000080104e0       0x40 c:/st/stm32cubeide_1.3.0/stm32cubeide/plugins/com.st.stm32cube.ide.mcu.externaltools.gnu-tools-for-stm32.7-2018-q2-update.win32_1.0.0.201904181610/tools/bin/../lib/gcc/arm-none-eabi/7.3.1/../../../../arm-none-eabi/lib/thumb/v7e-m/fpv4-sp/hard\libc_nano.a(lib_a-sprintf.o)
                0x00000000080104e0                siprintf
                0x00000000080104e0                sprintf
 .text.__malloc_lock
                0x0000000008010520        0x2 c:/st/stm32cubeide_1.3.0/stm32cubeide/plugins/com.st.stm32cube.ide.mcu.externaltools.gnu-tools-for-stm32.7-2018-q2-update.win32_1.0.0.201904181610/tools/bin/../lib/gcc/arm-none-eabi/7.3.1/../../../../arm-none-eabi/lib/thumb/v7e-m/fpv4-sp/hard\libc_nano.a(lib_a-mlock.o)
                0x0000000008010520                __malloc_lock
 .text.__malloc_unlock
                0x0000000008010522        0x2 c:/st/stm32cubeide_1.3.0/stm32cubeide/plugins/com.st.stm32cube.ide.mcu.externaltools.gnu-tools-for-stm32.7-2018-q2-update.win32_1.0.0.201904181610/tools/bin/../lib/gcc/arm-none-eabi/7.3.1/../../../../arm-none-eabi/lib/thumb/v7e-m/fpv4-sp/hard\libc_nano.a(lib_a-mlock.o)
                0x0000000008010522                __malloc_unlock
 .text.__ssputs_r
                0x0000000008010524       0xb4 c:/st/stm32cubeide_1.3.0/stm32cubeide/plugins/com.st.stm32cube.ide.mcu.externaltools.gnu-tools-for-stm32.7-2018-q2-update.win32_1.0.0.201904181610/tools/bin/../lib/gcc/arm-none-eabi/7.3.1/../../../../arm-none-eabi/lib/thumb/v7e-m/fpv4-sp/hard\libc_nano.a(lib_a-nano-svfprintf.o)
                0x0000000008010524                __ssputs_r
 .text._svfprintf_r
                0x00000000080105d8      0x1f0 c:/st/stm32cubeide_1.3.0/stm32cubeide/plugins/com.st.stm32cube.ide.mcu.externaltools.gnu-tools-for-stm32.7-2018-q2-update.win32_1.0.0.201904181610/tools/bin/../lib/gcc/arm-none-eabi/7.3.1/../../../../arm-none-eabi/lib/thumb/v7e-m/fpv4-sp/hard\libc_nano.a(lib_a-nano-svfprintf.o)
                0x00000000080105d8                _svfiprintf_r
                0x00000000080105d8                _svfprintf_r
 .text._printf_common
                0x00000000080107c8       0xea c:/st/stm32cubeide_1.3.0/stm32cubeide/plugins/com.st.stm32cube.ide.mcu.externaltools.gnu-tools-for-stm32.7-2018-q2-update.win32_1.0.0.201904181610/tools/bin/../lib/gcc/arm-none-eabi/7.3.1/../../../../arm-none-eabi/lib/thumb/v7e-m/fpv4-sp/hard\libc_nano.a(lib_a-nano-vfprintf_i.o)
                0x00000000080107c8                _printf_common
 *fill*         0x00000000080108b2        0x2 
 .text._printf_i
                0x00000000080108b4      0x224 c:/st/stm32cubeide_1.3.0/stm32cubeide/plugins/com.st.stm32cube.ide.mcu.externaltools.gnu-tools-for-stm32.7-2018-q2-update.win32_1.0.0.201904181610/tools/bin/../lib/gcc/arm-none-eabi/7.3.1/../../../../arm-none-eabi/lib/thumb/v7e-m/fpv4-sp/hard\libc_nano.a(lib_a-nano-vfprintf_i.o)
                0x00000000080108b4                _printf_i
 .text.memmove  0x0000000008010ad8       0x32 c:/st/stm32cubeide_1.3.0/stm32cubeide/plugins/com.st.stm32cube.ide.mcu.externaltools.gnu-tools-for-stm32.7-2018-q2-update.win32_1.0.0.201904181610/tools/bin/../lib/gcc/arm-none-eabi/7.3.1/../../../../arm-none-eabi/lib/thumb/v7e-m/fpv4-sp/hard\libc_nano.a(lib_a-memmove.o)
                0x0000000008010ad8                memmove
 .text._realloc_r
                0x0000000008010b0a       0x4c c:/st/stm32cubeide_1.3.0/stm32cubeide/plugins/com.st.stm32cube.ide.mcu.externaltools.gnu-tools-for-stm32.7-2018-q2-update.win32_1.0.0.201904181610/tools/bin/../lib/gcc/arm-none-eabi/7.3.1/../../../../arm-none-eabi/lib/thumb/v7e-m/fpv4-sp/hard\libc_nano.a(lib_a-nano-reallocr.o)
                0x0000000008010b0a                _realloc_r
 .text._malloc_usable_size_r
                0x0000000008010b56       0x10 c:/st/stm32cubeide_1.3.0/stm32cubeide/plugins/com.st.stm32cube.ide.mcu.externaltools.gnu-tools-for-stm32.7-2018-q2-update.win32_1.0.0.201904181610/tools/bin/../lib/gcc/arm-none-eabi/7.3.1/../../../../arm-none-eabi/lib/thumb/v7e-m/fpv4-sp/hard\libc_nano.a(lib_a-nano-msizer.o)
                0x0000000008010b56                _malloc_usable_size_r
 *(.glue_7)
 .glue_7        0x0000000008010b66        0x0 linker stubs
 *(.glue_7t)
 .glue_7t       0x0000000008010b66        0x0 linker stubs
 *(.eh_frame)
 *fill*         0x0000000008010b66        0x2 
 .eh_frame      0x0000000008010b68        0x0 c:/st/stm32cubeide_1.3.0/stm32cubeide/plugins/com.st.stm32cube.ide.mcu.externaltools.gnu-tools-for-stm32.7-2018-q2-update.win32_1.0.0.201904181610/tools/bin/../lib/gcc/arm-none-eabi/7.3.1/thumb/v7e-m/fpv4-sp/hard/crtbegin.o
 *(.init)
 .init          0x0000000008010b68        0x4 c:/st/stm32cubeide_1.3.0/stm32cubeide/plugins/com.st.stm32cube.ide.mcu.externaltools.gnu-tools-for-stm32.7-2018-q2-update.win32_1.0.0.201904181610/tools/bin/../lib/gcc/arm-none-eabi/7.3.1/thumb/v7e-m/fpv4-sp/hard/crti.o
                0x0000000008010b68                _init
 .init          0x0000000008010b6c        0x8 c:/st/stm32cubeide_1.3.0/stm32cubeide/plugins/com.st.stm32cube.ide.mcu.externaltools.gnu-tools-for-stm32.7-2018-q2-update.win32_1.0.0.201904181610/tools/bin/../lib/gcc/arm-none-eabi/7.3.1/thumb/v7e-m/fpv4-sp/hard/crtn.o
 *(.fini)
 .fini          0x0000000008010b74        0x4 c:/st/stm32cubeide_1.3.0/stm32cubeide/plugins/com.st.stm32cube.ide.mcu.externaltools.gnu-tools-for-stm32.7-2018-q2-update.win32_1.0.0.201904181610/tools/bin/../lib/gcc/arm-none-eabi/7.3.1/thumb/v7e-m/fpv4-sp/hard/crti.o
                0x0000000008010b74                _fini
 .fini          0x0000000008010b78        0x8 c:/st/stm32cubeide_1.3.0/stm32cubeide/plugins/com.st.stm32cube.ide.mcu.externaltools.gnu-tools-for-stm32.7-2018-q2-update.win32_1.0.0.201904181610/tools/bin/../lib/gcc/arm-none-eabi/7.3.1/thumb/v7e-m/fpv4-sp/hard/crtn.o
                0x0000000008010b80                . = ALIGN (0x4)
                0x0000000008010b80                _etext = .

.vfp11_veneer   0x0000000008010b80        0x0
 .vfp11_veneer  0x0000000008010b80        0x0 linker stubs

.v4_bx          0x0000000008010b80        0x0
 .v4_bx         0x0000000008010b80        0x0 linker stubs

.iplt           0x0000000008010b80        0x0
 .iplt          0x0000000008010b80        0x0 c:/st/stm32cubeide_1.3.0/stm32cubeide/plugins/com.st.stm32cube.ide.mcu.externaltools.gnu-tools-for-stm32.7-2018-q2-update.win32_1.0.0.201904181610/tools/bin/../lib/gcc/arm-none-eabi/7.3.1/thumb/v7e-m/fpv4-sp/hard/crtbegin.o

.rodata         0x0000000008010b80      0xc40
                0x0000000008010b80                . = ALIGN (0x4)
 *(.rodata)
 .rodata        0x0000000008010b80       0x49 Core/Src/main.o
 *fill*         0x0000000008010bc9        0x3 
 .rodata        0x0000000008010bcc        0x4 Middlewares/ST/STM32_USB_Host_Library/Class/MSC/Src/usbh_msc.o
 .rodata        0x0000000008010bd0       0x44 Middlewares/Third_Party/FatFs/src/ff.o
 *(.rodata*)
 .rodata.I2SFreq
                0x0000000008010c14       0x20 Audio/audioI2S.o
                0x0000000008010c14                I2SFreq
 .rodata.I2SPLLN
                0x0000000008010c34       0x20 Audio/audioI2S.o
                0x0000000008010c34                I2SPLLN
 .rodata.I2SPLLR
                0x0000000008010c54       0x20 Audio/audioI2S.o
                0x0000000008010c54                I2SPLLR
 .rodata.c_chFont1206
                0x0000000008010c74      0x474 Core/Src/Fonts.o
                0x0000000008010c74                c_chFont1206
 .rodata.c_chFont1608
                0x00000000080110e8      0x5f0 Core/Src/Fonts.o
                0x00000000080110e8                c_chFont1608
 .rodata.AHBPrescTable
                0x00000000080116d8       0x10 Core/Src/system_stm32f4xx.o
                0x00000000080116d8                AHBPrescTable
 .rodata.APBPrescTable
                0x00000000080116e8        0x8 Core/Src/system_stm32f4xx.o
                0x00000000080116e8                APBPrescTable
 .rodata.flagBitshiftOffset.8906
                0x00000000080116f0        0x8 Drivers/STM32F4xx_HAL_Driver/Src/stm32f4xx_hal_dma.o
 .rodata.USBH_Driver
                0x00000000080116f8       0x14 FATFS/Target/usbh_diskio.o
                0x00000000080116f8                USBH_Driver
 .rodata.ExCvt  0x000000000801170c       0x80 Middlewares/Third_Party/FatFs/src/ff.o
 .rodata._svfprintf_r.str1.1
                0x000000000801178c       0x11 c:/st/stm32cubeide_1.3.0/stm32cubeide/plugins/com.st.stm32cube.ide.mcu.externaltools.gnu-tools-for-stm32.7-2018-q2-update.win32_1.0.0.201904181610/tools/bin/../lib/gcc/arm-none-eabi/7.3.1/../../../../arm-none-eabi/lib/thumb/v7e-m/fpv4-sp/hard\libc_nano.a(lib_a-nano-svfprintf.o)
 .rodata._printf_i.str1.1
                0x000000000801179d       0x22 c:/st/stm32cubeide_1.3.0/stm32cubeide/plugins/com.st.stm32cube.ide.mcu.externaltools.gnu-tools-for-stm32.7-2018-q2-update.win32_1.0.0.201904181610/tools/bin/../lib/gcc/arm-none-eabi/7.3.1/../../../../arm-none-eabi/lib/thumb/v7e-m/fpv4-sp/hard\libc_nano.a(lib_a-nano-vfprintf_i.o)
                0x00000000080117c0                . = ALIGN (0x4)
 *fill*         0x00000000080117bf        0x1 

.ARM.extab      0x00000000080117c0        0x0
                0x00000000080117c0                . = ALIGN (0x4)
 *(.ARM.extab* .gnu.linkonce.armextab.*)
                0x00000000080117c0                . = ALIGN (0x4)

.ARM            0x00000000080117c0        0x8
                0x00000000080117c0                . = ALIGN (0x4)
                0x00000000080117c0                __exidx_start = .
 *(.ARM.exidx*)
 .ARM.exidx     0x00000000080117c0        0x8 c:/st/stm32cubeide_1.3.0/stm32cubeide/plugins/com.st.stm32cube.ide.mcu.externaltools.gnu-tools-for-stm32.7-2018-q2-update.win32_1.0.0.201904181610/tools/bin/../lib/gcc/arm-none-eabi/7.3.1/thumb/v7e-m/fpv4-sp/hard\libgcc.a(_udivmoddi4.o)
                0x00000000080117c8                __exidx_end = .
                0x00000000080117c8                . = ALIGN (0x4)

.rel.dyn        0x00000000080117c8        0x0
 .rel.iplt      0x00000000080117c8        0x0 c:/st/stm32cubeide_1.3.0/stm32cubeide/plugins/com.st.stm32cube.ide.mcu.externaltools.gnu-tools-for-stm32.7-2018-q2-update.win32_1.0.0.201904181610/tools/bin/../lib/gcc/arm-none-eabi/7.3.1/thumb/v7e-m/fpv4-sp/hard/crtbegin.o

.preinit_array  0x00000000080117c8        0x0
                0x00000000080117c8                . = ALIGN (0x4)
                0x00000000080117c8                PROVIDE (__preinit_array_start = .)
 *(.preinit_array*)
                0x00000000080117c8                PROVIDE (__preinit_array_end = .)
                0x00000000080117c8                . = ALIGN (0x4)

.init_array     0x00000000080117c8        0x4
                0x00000000080117c8                . = ALIGN (0x4)
                0x00000000080117c8                PROVIDE (__init_array_start = .)
 *(SORT_BY_NAME(.init_array.*))
 *(.init_array*)
 .init_array    0x00000000080117c8        0x4 c:/st/stm32cubeide_1.3.0/stm32cubeide/plugins/com.st.stm32cube.ide.mcu.externaltools.gnu-tools-for-stm32.7-2018-q2-update.win32_1.0.0.201904181610/tools/bin/../lib/gcc/arm-none-eabi/7.3.1/thumb/v7e-m/fpv4-sp/hard/crtbegin.o
                0x00000000080117cc                PROVIDE (__init_array_end = .)
                0x00000000080117cc                . = ALIGN (0x4)

.fini_array     0x00000000080117cc        0x4
                0x00000000080117cc                . = ALIGN (0x4)
                [!provide]                        PROVIDE (__fini_array_start = .)
 *(SORT_BY_NAME(.fini_array.*))
 *(.fini_array*)
 .fini_array    0x00000000080117cc        0x4 c:/st/stm32cubeide_1.3.0/stm32cubeide/plugins/com.st.stm32cube.ide.mcu.externaltools.gnu-tools-for-stm32.7-2018-q2-update.win32_1.0.0.201904181610/tools/bin/../lib/gcc/arm-none-eabi/7.3.1/thumb/v7e-m/fpv4-sp/hard/crtbegin.o
                [!provide]                        PROVIDE (__fini_array_end = .)
                0x00000000080117d0                . = ALIGN (0x4)
                0x00000000080117d0                _sidata = LOADADDR (.data)

.data           0x0000000020000000       0x98 load address 0x00000000080117d0
                0x0000000020000000                . = ALIGN (0x4)
                0x0000000020000000                _sdata = .
 *(.data)
 *(.data*)
 .data.potencjometr_255_int
                0x0000000020000000        0x4 Core/Src/main.o
                0x0000000020000000                potencjometr_255_int
 .data.volume   0x0000000020000004        0x4 Core/Src/main.o
                0x0000000020000004                volume
 .data.SystemCoreClock
                0x0000000020000008        0x4 Core/Src/system_stm32f4xx.o
                0x0000000020000008                SystemCoreClock
 .data.uwTickPrio
                0x000000002000000c        0x4 Drivers/STM32F4xx_HAL_Driver/Src/stm32f4xx_hal.o
                0x000000002000000c                uwTickPrio
 .data.uwTickFreq
                0x0000000020000010        0x1 Drivers/STM32F4xx_HAL_Driver/Src/stm32f4xx_hal.o
                0x0000000020000010                uwTickFreq
 *fill*         0x0000000020000011        0x3 
 .data.USBH_msc
                0x0000000020000014       0x20 Middlewares/ST/STM32_USB_Host_Library/Class/MSC/Src/usbh_msc.o
                0x0000000020000014                USBH_msc
 .data._impure_ptr
                0x0000000020000034        0x4 c:/st/stm32cubeide_1.3.0/stm32cubeide/plugins/com.st.stm32cube.ide.mcu.externaltools.gnu-tools-for-stm32.7-2018-q2-update.win32_1.0.0.201904181610/tools/bin/../lib/gcc/arm-none-eabi/7.3.1/../../../../arm-none-eabi/lib/thumb/v7e-m/fpv4-sp/hard\libc_nano.a(lib_a-impure.o)
                0x0000000020000034                _impure_ptr
 .data.impure_data
                0x0000000020000038       0x60 c:/st/stm32cubeide_1.3.0/stm32cubeide/plugins/com.st.stm32cube.ide.mcu.externaltools.gnu-tools-for-stm32.7-2018-q2-update.win32_1.0.0.201904181610/tools/bin/../lib/gcc/arm-none-eabi/7.3.1/../../../../arm-none-eabi/lib/thumb/v7e-m/fpv4-sp/hard\libc_nano.a(lib_a-impure.o)
                0x0000000020000098                . = ALIGN (0x4)
                0x0000000020000098                _edata = .

.igot.plt       0x0000000020000098        0x0 load address 0x0000000008011868
 .igot.plt      0x0000000020000098        0x0 c:/st/stm32cubeide_1.3.0/stm32cubeide/plugins/com.st.stm32cube.ide.mcu.externaltools.gnu-tools-for-stm32.7-2018-q2-update.win32_1.0.0.201904181610/tools/bin/../lib/gcc/arm-none-eabi/7.3.1/thumb/v7e-m/fpv4-sp/hard/crtbegin.o
                0x0000000020000098                . = ALIGN (0x4)

.bss            0x0000000020000098     0x2070 load address 0x0000000008011868
                0x0000000020000098                _sbss = .
                0x0000000020000098                __bss_start__ = _sbss
 *(.bss)
 .bss           0x0000000020000098       0x1c c:/st/stm32cubeide_1.3.0/stm32cubeide/plugins/com.st.stm32cube.ide.mcu.externaltools.gnu-tools-for-stm32.7-2018-q2-update.win32_1.0.0.201904181610/tools/bin/../lib/gcc/arm-none-eabi/7.3.1/thumb/v7e-m/fpv4-sp/hard/crtbegin.o
 *(.bss*)
 .bss.i2cx      0x00000000200000b4       0x54 Audio/MY_CS43L22.o
 .bss.hAudioI2S
                0x0000000020000108        0x4 Audio/audioI2S.o
 .bss.wavFile   0x000000002000010c      0x230 Audio/wav_player.o
 .bss.fileLength
                0x000000002000033c        0x4 Audio/wav_player.o
 .bss.audioBuffer
                0x0000000020000340     0x1000 Audio/wav_player.o
 .bss.audioRemainSize
                0x0000000020001340        0x4 Audio/wav_player.o
 .bss.samplingFreq
                0x0000000020001344        0x4 Audio/wav_player.o
 .bss.playerReadBytes
                0x0000000020001348        0x4 Audio/wav_player.o
 .bss.isFinished
                0x000000002000134c        0x1 Audio/wav_player.o
 .bss.playerControlSM
                0x000000002000134d        0x1 Audio/wav_player.o
 *fill*         0x000000002000134e        0x2 
 .bss.old_volume
                0x0000000020001350        0x4 Core/Src/main.o
                0x0000000020001350                old_volume
 .bss.actually_track
                0x0000000020001354        0x4 Core/Src/main.o
                0x0000000020001354                actually_track
 .bss.last_track
                0x0000000020001358        0x4 Core/Src/main.o
                0x0000000020001358                last_track
 .bss.seconds   0x000000002000135c        0x4 Core/Src/main.o
                0x000000002000135c                seconds
 .bss.tens_of_seconds
                0x0000000020001360        0x4 Core/Src/main.o
                0x0000000020001360                tens_of_seconds
 .bss.minutes   0x0000000020001364        0x4 Core/Src/main.o
                0x0000000020001364                minutes
 .bss.is_playing